Component: ARM Compiler 5.06 update 7 (build 960) Tool: armlink [4d3601]

==============================================================================

Section Cross References

    startup_stm32f427xx.o(RESET) refers to startup_stm32f427xx.o(STACK) for __initial_sp
    startup_stm32f427xx.o(RESET) refers to startup_stm32f427xx.o(.text) for Reset_Handler
    startup_stm32f427xx.o(RESET) refers to stm32f4xx_it.o(i.NMI_Handler) for NMI_Handler
    startup_stm32f427xx.o(RESET) refers to stm32f4xx_it.o(i.HardFault_Handler) for HardFault_Handler
    startup_stm32f427xx.o(RESET) refers to stm32f4xx_it.o(i.MemManage_Handler) for MemManage_Handler
    startup_stm32f427xx.o(RESET) refers to stm32f4xx_it.o(i.BusFault_Handler) for BusFault_Handler
    startup_stm32f427xx.o(RESET) refers to stm32f4xx_it.o(i.UsageFault_Handler) for UsageFault_Handler
    startup_stm32f427xx.o(RESET) refers to port.o(.emb_text) for SVC_Handler
    startup_stm32f427xx.o(RESET) refers to stm32f4xx_it.o(i.DebugMon_Handler) for DebugMon_Handler
    startup_stm32f427xx.o(RESET) refers to port.o(i.SysTick_Handler) for SysTick_Handler
    startup_stm32f427xx.o(RESET) refers to stm32f4xx_it.o(i.DMA1_Stream1_IRQHandler) for DMA1_Stream1_IRQHandler
    startup_stm32f427xx.o(RESET) refers to stm32f4xx_it.o(i.DMA1_Stream3_IRQHandler) for DMA1_Stream3_IRQHandler
    startup_stm32f427xx.o(RESET) refers to stm32f4xx_it.o(i.CAN1_RX0_IRQHandler) for CAN1_RX0_IRQHandler
    startup_stm32f427xx.o(RESET) refers to stm32f4xx_it.o(i.USART1_IRQHandler) for USART1_IRQHandler
    startup_stm32f427xx.o(RESET) refers to stm32f4xx_it.o(i.TIM6_DAC_IRQHandler) for TIM6_DAC_IRQHandler
    startup_stm32f427xx.o(RESET) refers to stm32f4xx_it.o(i.DMA2_Stream1_IRQHandler) for DMA2_Stream1_IRQHandler
    startup_stm32f427xx.o(RESET) refers to stm32f4xx_it.o(i.DMA2_Stream2_IRQHandler) for DMA2_Stream2_IRQHandler
    startup_stm32f427xx.o(RESET) refers to stm32f4xx_it.o(i.CAN2_RX0_IRQHandler) for CAN2_RX0_IRQHandler
    startup_stm32f427xx.o(RESET) refers to stm32f4xx_it.o(i.OTG_FS_IRQHandler) for OTG_FS_IRQHandler
    startup_stm32f427xx.o(RESET) refers to stm32f4xx_it.o(i.USART6_IRQHandler) for USART6_IRQHandler
    startup_stm32f427xx.o(.text) refers to system_stm32f4xx.o(i.SystemInit) for SystemInit
    startup_stm32f427xx.o(.text) refers to entry.o(.ARM.Collect$$$$00000000) for __main
    main.o(i.HAL_TIM_PeriodElapsedCallback) refers to stm32f4xx_hal.o(i.HAL_IncTick) for HAL_IncTick
    main.o(i.HAL_TIM_PeriodElapsedCallback) refers to tim.o(.data) for FreeRTOSRunTimeTicks
    main.o(i.SystemClock_Config) refers to memseta.o(.text) for __aeabi_memclr4
    main.o(i.SystemClock_Config) refers to stm32f4xx_hal_rcc.o(i.HAL_RCC_OscConfig) for HAL_RCC_OscConfig
    main.o(i.SystemClock_Config) refers to stm32f4xx_hal_rcc.o(i.HAL_RCC_ClockConfig) for HAL_RCC_ClockConfig
    main.o(i.main) refers to stm32f4xx_hal.o(i.HAL_Init) for HAL_Init
    main.o(i.main) refers to main.o(i.SystemClock_Config) for SystemClock_Config
    main.o(i.main) refers to gpio.o(i.MX_GPIO_Init) for MX_GPIO_Init
    main.o(i.main) refers to dma.o(i.MX_DMA_Init) for MX_DMA_Init
    main.o(i.main) refers to tim.o(i.MX_TIM12_Init) for MX_TIM12_Init
    main.o(i.main) refers to usart.o(i.MX_USART1_UART_Init) for MX_USART1_UART_Init
    main.o(i.main) refers to spi.o(i.MX_SPI5_Init) for MX_SPI5_Init
    main.o(i.main) refers to tim.o(i.MX_TIM3_Init) for MX_TIM3_Init
    main.o(i.main) refers to can.o(i.MX_CAN1_Init) for MX_CAN1_Init
    main.o(i.main) refers to can.o(i.MX_CAN2_Init) for MX_CAN2_Init
    main.o(i.main) refers to i2c.o(i.MX_I2C2_Init) for MX_I2C2_Init
    main.o(i.main) refers to usart.o(i.MX_USART6_UART_Init) for MX_USART6_UART_Init
    main.o(i.main) refers to usart.o(i.MX_UART7_Init) for MX_UART7_Init
    main.o(i.main) refers to tim.o(i.MX_TIM7_Init) for MX_TIM7_Init
    main.o(i.main) refers to usart.o(i.MX_UART8_Init) for MX_UART8_Init
    main.o(i.main) refers to freertos.o(i.MX_FREERTOS_Init) for MX_FREERTOS_Init
    main.o(i.main) refers to cmsis_os.o(i.osKernelStart) for osKernelStart
    gpio.o(i.MX_GPIO_Init) refers to memseta.o(.text) for __aeabi_memclr4
    gpio.o(i.MX_GPIO_Init) refers to stm32f4xx_hal_gpio.o(i.HAL_GPIO_WritePin) for HAL_GPIO_WritePin
    gpio.o(i.MX_GPIO_Init) refers to stm32f4xx_hal_gpio.o(i.HAL_GPIO_Init) for HAL_GPIO_Init
    freertos.o(i.CAN1_Rec) refers to queue.o(i.xQueueReceive) for xQueueReceive
    freertos.o(i.CAN1_Rec) refers to memcpya.o(.text) for __aeabi_memcpy4
    freertos.o(i.CAN1_Rec) refers to freertos.o(.data) for .data
    freertos.o(i.CAN1_Rec) refers to can_setup.o(.data) for Monitor_CAN1
    freertos.o(i.CAN1_Rec) refers to m2006_motor.o(.data) for M2006_Func
    freertos.o(i.CAN1_Rec) refers to m3508_motor.o(.data) for M3508_Func
    freertos.o(i.CAN1_Rec) refers to super_capacitor.o(.data) for Super_Capacitor_Func
    freertos.o(i.CAN1_Rec) refers to gm6020_motor.o(.data) for GM6020_Func
[...]
    __mathlib_powf                           0x08009849   Thumb Code     0  powf.o(i.__hardfp_powf)
    __hardfp_sin                             0x08009eb1   Thumb Code   180  sin.o(i.__hardfp_sin)
    __hardfp_sinf                            0x08009f79   Thumb Code   344  sinf.o(i.__hardfp_sinf)
    __ieee754_rem_pio2                       0x0800a109   Thumb Code   938  rred.o(i.__ieee754_rem_pio2)
    __kernel_cos                             0x0800a541   Thumb Code   322  cos_i.o(i.__kernel_cos)
    __kernel_poly                            0x0800a6b1   Thumb Code   248  poly.o(i.__kernel_poly)
    __kernel_sin                             0x0800a7a9   Thumb Code   280  sin_i.o(i.__kernel_sin)
    __mathlib_dbl_infnan                     0x0800a8d9   Thumb Code    20  dunder.o(i.__mathlib_dbl_infnan)
    __mathlib_dbl_invalid                    0x0800a8f1   Thumb Code    24  dunder.o(i.__mathlib_dbl_invalid)
    __mathlib_dbl_underflow                  0x0800a911   Thumb Code    24  dunder.o(i.__mathlib_dbl_underflow)
    __mathlib_flt_divzero                    0x0800a931   Thumb Code    14  funder.o(i.__mathlib_flt_divzero)
    __mathlib_flt_infnan                     0x0800a945   Thumb Code     6  funder.o(i.__mathlib_flt_infnan)
    __mathlib_flt_infnan2                    0x0800a94b   Thumb Code     6  funder.o(i.__mathlib_flt_infnan2)
    __mathlib_flt_invalid                    0x0800a951   Thumb Code    10  funder.o(i.__mathlib_flt_invalid)
    __mathlib_flt_overflow                   0x0800a961   Thumb Code    10  funder.o(i.__mathlib_flt_overflow)
    __mathlib_flt_underflow                  0x0800a971   Thumb Code    10  funder.o(i.__mathlib_flt_underflow)
    __mathlib_rredf2                         0x0800a981   Thumb Code   316  rredf.o(i.__mathlib_rredf2)
    __scatterload_copy                       0x0800aad5   Thumb Code    14  handlers.o(i.__scatterload_copy)
    __scatterload_null                       0x0800aae3   Thumb Code     2  handlers.o(i.__scatterload_null)
    __scatterload_zeroinit                   0x0800aae5   Thumb Code    14  handlers.o(i.__scatterload_zeroinit)
    __set_errno                              0x0800aaf5   Thumb Code     6  errno.o(i.__set_errno)
    fabs                                     0x0800accf   Thumb Code    24  fabs.o(i.fabs)
    main                                     0x0800ace7   Thumb Code    70  main.o(i.main)
    osDelay                                  0x0800ad39   Thumb Code    14  cmsis_os.o(i.osDelay)
    osKernelStart                            0x0800ad47   Thumb Code    10  cmsis_os.o(i.osKernelStart)
    osMessageCreate                          0x0800ad51   Thumb Code    38  cmsis_os.o(i.osMessageCreate)
    osThreadCreate                           0x0800ad77   Thumb Code    84  cmsis_os.o(i.osThreadCreate)
    pvPortMalloc                             0x0800b275   Thumb Code   216  heap_4.o(i.pvPortMalloc)
    pxPortInitialiseStack                    0x0800b351   Thumb Code    40  port.o(i.pxPortInitialiseStack)
    sqrtf                                    0x0800b37d   Thumb Code    62  sqrtf.o(i.sqrtf)
    uxListRemove                             0x0800b3bb   Thumb Code    38  list.o(i.uxListRemove)
    vApplicationGetIdleTaskMemory            0x0800b3e1   Thumb Code    16  freertos.o(i.vApplicationGetIdleTaskMemory)
    vListInitialise                          0x0800b3f5   Thumb Code    22  list.o(i.vListInitialise)
    vListInitialiseItem                      0x0800b40b   Thumb Code     6  list.o(i.vListInitialiseItem)
    vListInsert                              0x0800b411   Thumb Code    48  list.o(i.vListInsert)
    vListInsertEnd                           0x0800b441   Thumb Code    24  list.o(i.vListInsertEnd)
    vPortEnterCritical                       0x0800b459   Thumb Code    54  port.o(i.vPortEnterCritical)
    vPortExitCritical                        0x0800b499   Thumb Code    34  port.o(i.vPortExitCritical)
    vPortFree                                0x0800b4c1   Thumb Code    94  heap_4.o(i.vPortFree)
    vPortSetupTimerInterrupt                 0x0800b525   Thumb Code    32  port.o(i.vPortSetupTimerInterrupt)
    vPortValidateInterruptPriority           0x0800b549   Thumb Code    74  port.o(i.vPortValidateInterruptPriority)
    vTaskDelay                               0x0800b59d   Thumb Code    66  tasks.o(i.vTaskDelay)
    vTaskDelayUntil                          0x0800b5e9   Thumb Code   132  tasks.o(i.vTaskDelayUntil)
    vTaskDelete                              0x0800b675   Thumb Code   158  tasks.o(i.vTaskDelete)
    vTaskInternalSetTimeOutState             0x0800b721   Thumb Code    12  tasks.o(i.vTaskInternalSetTimeOutState)
    vTaskMissedYield                         0x0800b731   Thumb Code     8  tasks.o(i.vTaskMissedYield)
    vTaskPlaceOnEventList                    0x0800b73d   Thumb Code    44  tasks.o(i.vTaskPlaceOnEventList)
    vTaskStartScheduler                      0x0800b76d   Thumb Code    94  tasks.o(i.vTaskStartScheduler)
    vTaskSuspendAll                          0x0800b7dd   Thumb Code    10  tasks.o(i.vTaskSuspendAll)
    vTaskSwitchContext                       0x0800b7ed   Thumb Code   110  tasks.o(i.vTaskSwitchContext)
    xPortStartScheduler                      0x0800b869   Thumb Code   222  port.o(i.xPortStartScheduler)
    xQueueGenericCreate                      0x0800b95d   Thumb Code    66  queue.o(i.xQueueGenericCreate)
    xQueueGenericCreateStatic                0x0800b99f   Thumb Code   102  queue.o(i.xQueueGenericCreateStatic)
    xQueueGenericReset                       0x0800ba05   Thumb Code   132  queue.o(i.xQueueGenericReset)
    xQueueGenericSend                        0x0800ba8d   Thumb Code   346  queue.o(i.xQueueGenericSend)
    xQueueGenericSendFromISR                 0x0800bbed   Thumb Code   190  queue.o(i.xQueueGenericSendFromISR)
    xQueueReceive                            0x0800bcad   Thumb Code   308  queue.o(i.xQueueReceive)
    xTaskCheckForTimeOut                     0x0800bde5   Thumb Code   112  tasks.o(i.xTaskCheckForTimeOut)
    xTaskCreate                              0x0800be59   Thumb Code    90  tasks.o(i.xTaskCreate)
    xTaskCreateStatic                        0x0800beb3   Thumb Code    86  tasks.o(i.xTaskCreateStatic)
    xTaskGetSchedulerState                   0x0800bf09   Thumb Code    22  tasks.o(i.xTaskGetSchedulerState)
    xTaskGetTickCount                        0x0800bf25   Thumb Code     6  tasks.o(i.xTaskGetTickCount)
    xTaskIncrementTick                       0x0800bf31   Thumb Code   194  tasks.o(i.xTaskIncrementTick)
    xTaskPriorityDisinherit                  0x0800bffd   Thumb Code   144  tasks.o(i.xTaskPriorityDisinherit)
    xTaskRemoveFromEventList                 0x0800c095   Thumb Code   108  tasks.o(i.xTaskRemoveFromEventList)
    xTaskResumeAll                           0x0800c109   Thumb Code   182  tasks.o(i.xTaskResumeAll)
    AHBPrescTable                            0x0800c2c8   Data          16  system_stm32f4xx.o(.constdata)
    APBPrescTable                            0x0800c2d8   Data           8  system_stm32f4xx.o(.constdata)
    CRC8_TAB                                 0x0800c314   Data         256  crc_verification.o(.constdata)
    wCRC_Table                               0x0800c414   Data         512  crc_verification.o(.constdata)
    Region$$Table$$Base                      0x0800c8fc   Number         0  anon$$obj.o(Region$$Table)
    Region$$Table$$Limit                     0x0800c91c   Number         0  anon$$obj.o(Region$$Table)
    Task_IMUHandle                           0x20000000   Data           4  freertos.o(.data)
    Task_InitHandle                          0x20000004   Data           4  freertos.o(.data)
    Task_CAN_SendHandle                      0x20000008   Data           4  freertos.o(.data)
    Task_CAN1_RecHandle                      0x2000000c   Data           4  freertos.o(.data)
    Task_CAN2_RecHandle                      0x20000010   Data           4  freertos.o(.data)
    Task_Robot_CtrlHandle                    0x20000014   Data           4  freertos.o(.data)
    SendtoPCHandle                           0x20000018   Data           4  freertos.o(.data)
    CAN1_ReceiveHandle                       0x2000001c   Data           4  freertos.o(.data)
    CAN2_ReceiveHandle                       0x20000020   Data           4  freertos.o(.data)
    CAN_SendHandle                           0x20000024   Data           4  freertos.o(.data)
    FreeRTOSRunTimeTicks                     0x20000030   Data           8  tim.o(.data)
    uwTickFreq                               0x20000038   Data           1  stm32f4xx_hal.o(.data)
    uwTickPrio                               0x2000003c   Data           4  stm32f4xx_hal.o(.data)
    uwTick                                   0x20000040   Data           4  stm32f4xx_hal.o(.data)
    SystemCoreClock                          0x20000044   Data           4  system_stm32f4xx.o(.data)
    pxCurrentTCB                             0x20000048   Data           4  tasks.o(.data)
    Robot_Control_Func                       0x200000b8   Data          12  robot_control.o(.data)
    State_Machine_Func                       0x200000c4   Data           4  state_machine.o(.data)
    State_Machine                            0x200000c8   Data           1  state_machine.o(.data)
    Chassis_Func                             0x200000cc   Data          12  chassis_control.o(.data)
    Gimbal_Func                              0x200000d8   Data          12  gimbal_control.o(.data)
    Shooting_Func                            0x200000e4   Data          16  shooting_control.o(.data)
    Fric_Wheel_Ramp                          0x200000f4   Data           8  shooting_control.o(.data)
    IMU_Temp_Control_Func                    0x200000fc   Data           8  imu_temp_control.o(.data)
    Chassis_Angle_PID                        0x20000104   Data          56  pid.o(.data)
    Chassis_Speed_PID                        0x2000013c   Data          56  pid.o(.data)
    Fric_Wheel_PID                           0x20000174   Data          56  pid.o(.data)
    Yaw_Angle_PID                            0x200001ac   Data          56  pid.o(.data)
    Yaw_Speed_PID                            0x200001e4   Data          56  pid.o(.data)
    Pitch_Angle_PID                          0x2000021c   Data          56  pid.o(.data)
    Pitch_Speed_PID                          0x20000254   Data          56  pid.o(.data)
    Trigger_Angle_PID                        0x2000028c   Data          56  pid.o(.data)
    Trigger_Speed_PID                        0x200002c4   Data          56  pid.o(.data)
    PID_Func                                 0x200002fc   Data          12  pid.o(.data)
    Ramp_Calc_Func                           0x20000308   Data          12  ramp_calc.o(.data)
    DR16_Func                                0x20000314   Data          28  dr16_remote.o(.data)
    Board_A_IMU_Func                         0x20000330   Data          20  board_a_imu.o(.data)
    M3508_Func                               0x20000354   Data          24  m3508_motor.o(.data)
    GM6020_Func                              0x2000036c   Data          24  gm6020_motor.o(.data)
    M2006_Func                               0x20000384   Data          12  m2006_motor.o(.data)
    Super_Capacitor_Func                     0x20000390   Data          12  super_capacitor.o(.data)
    Referee_System_Func                      0x2000039c   Data          12  referee_system.o(.data)
    Buzzer_Func                              0x200003a8   Data          16  buzzer.o(.data)
    Tx2_Func                                 0x200003b8   Data          12  jetson_tx2.o(.data)
    CAN_Func                                 0x200003c4   Data          28  can_setup.o(.data)
    Monitor_CAN                              0x200003e0   Data           8  can_setup.o(.data)
    Monitor_CAN1                             0x200003e8   Data           6  can_setup.o(.data)
    Monitor_CAN2                             0x200003ee   Data           6  can_setup.o(.data)
    CRC_Verif_Func                           0x200003f4   Data          24  crc_verification.o(.data)
    CRC_INIT                                 0x2000040c   Data           2  crc_verification.o(.data)
    FS_Desc                                  0x20000410   Data          28  usbd_desc.o(.data)
    USBD_LangIDDesc                          0x2000042c   Data           4  usbd_desc.o(.data)
    USBD_FS_DeviceDesc                       0x20000430   Data          18  usbd_desc.o(.data)
    USBD_StringSerial                        0x20000444   Data          26  usbd_desc.o(.data)
    USBD_Interface_fops_FS                   0x20000460   Data          20  usbd_cdc_if.o(.data)
    USBD_CDC                                 0x200004cc   Data          56  usbd_cdc.o(.data)
    hcan1                                    0x20000768   Data          40  can.o(.bss)
    hcan2                                    0x20000790   Data          40  can.o(.bss)
    hi2c2                                    0x200007b8   Data          84  i2c.o(.bss)
    hspi5                                    0x2000080c   Data          88  spi.o(.bss)
    htim3                                    0x20000864   Data          72  tim.o(.bss)
    htim7                                    0x200008ac   Data          72  tim.o(.bss)
    htim12                                   0x200008f4   Data          72  tim.o(.bss)
    huart7                                   0x2000093c   Data          68  usart.o(.bss)
    huart8                                   0x20000980   Data          68  usart.o(.bss)
    huart1                                   0x200009c4   Data          68  usart.o(.bss)
    huart6                                   0x20000a08   Data          68  usart.o(.bss)
    hdma_uart7_rx                            0x20000a4c   Data          96  usart.o(.bss)
    hdma_uart7_tx                            0x20000aac   Data          96  usart.o(.bss)
    hdma_usart1_rx                           0x20000b0c   Data          96  usart.o(.bss)
    hdma_usart6_rx                           0x20000b6c   Data          96  usart.o(.bss)
    htim6                                    0x20000bcc   Data          72  stm32f4xx_hal_timebase_tim.o(.bss)
    Chassis                                  0x20004904   Data          48  chassis_control.o(.bss)
    Gimbal                                   0x20004934   Data          28  gimbal_control.o(.bss)
    Shooting                                 0x20004950   Data          16  shooting_control.o(.bss)
    DR16_Export_Data                         0x20004960   Data          96  dr16_remote.o(.bss)
    Board_A_IMU                              0x200049c0   Data         152  board_a_imu.o(.bss)
    Board_A_IMU_AHRS                         0x20004a58   Data         100  board_a_imu.o(.bss)
    M3508_Chassis                            0x20004abc   Data         128  m3508_motor.o(.bss)
    M3508_Fric_Wheel                         0x20004b3c   Data          64  m3508_motor.o(.bss)
    GM6020_Yaw                               0x20004b7c   Data          32  gm6020_motor.o(.bss)
    GM6020_Pitch                             0x20004b9c   Data          32  gm6020_motor.o(.bss)
    M2006_Trigger                            0x20004bbc   Data          32  m2006_motor.o(.bss)
    Super_Capacitor                          0x20004bdc   Data          24  super_capacitor.o(.bss)
    MPU6050_IMU                              0x20004bf4   Data         124  mpu6050_imu.o(.bss)
    MPU6050_IMU_AHRS                         0x20004c70   Data         100  mpu6050_imu.o(.bss)
    Referee_System                           0x20004ce2   Data         527  referee_system.o(.bss)
    Tx2_Data                                 0x20004ef4   Data          16  jetson_tx2.o(.bss)
    CAN_Data                                 0x20004f04   Data         152  can_setup.o(.bss)
    hUsbDeviceFS                             0x20004f9c   Data         732  usb_device.o(.bss)
    USBD_StrDesc                             0x20005278   Data         512  usbd_desc.o(.bss)
    UserRxBufferFS                           0x20005478   Data        2048  usbd_cdc_if.o(.bss)
    UserTxBufferFS                           0x20005c78   Data        2048  usbd_cdc_if.o(.bss)
    hpcd_USB_OTG_FS                          0x20006698   Data        1292  usbd_conf.o(.bss)
    __initial_sp                             0x20006fa8   Data           0  startup_stm32f427xx.o(STACK)



==============================================================================

Memory Map of the image

  Image Entry point : 0x080001ad

  Load Region LR_IROM1 (Base: 0x08000000, Size: 0x0000ce24, Max: 0x00200000, ABSOLUTE, COMPRESSED[0x0000cb38])

    Execution Region ER_IROM1 (Exec base: 0x08000000, Load base: 0x08000000, Size: 0x0000c91c, Max: 0x00200000, ABSOLUTE)

    Exec Addr    Load Addr    Size         Type   Attr      Idx    E Section Name        Object

    0x08000000   0x08000000   0x000001ac   Data   RO            3    RESET               startup_stm32f427xx.o
    0x080001ac   0x080001ac   0x00000000   Code   RO         8989  * .ARM.Collect$$$$00000000  mc_w.l(entry.o)
    0x080001ac   0x080001ac   0x00000004   Code   RO         9322    .ARM.Collect$$$$00000001  mc_w.l(entry2.o)
    0x080001b0   0x080001b0   0x00000004   Code   RO         9325    .ARM.Collect$$$$00000004  mc_w.l(entry5.o)
    0x080001b4   0x080001b4   0x00000000   Code   RO         9327    .ARM.Collect$$$$00000008  mc_w.l(entry7b.o)
    0x080001b4   0x080001b4   0x00000000   Code   RO         9329    .ARM.Collect$$$$0000000A  mc_w.l(entry8b.o)
    0x080001b4   0x080001b4   0x00000008   Code   RO         9330    .ARM.Collect$$$$0000000B  mc_w.l(entry9a.o)
    0x080001bc   0x080001bc   0x00000004   Code   RO         9337    .ARM.Collect$$$$0000000E  mc_w.l(entry12b.o)
    0x080001c0   0x080001c0   0x00000000   Code   RO         9332    .ARM.Collect$$$$0000000F  mc_w.l(entry10a.o)
    0x080001c0   0x080001c0   0x00000000   Code   RO         9334    .ARM.Collect$$$$00000011  mc_w.l(entry11a.o)
    0x080001c0   0x080001c0   0x00000004   Code   RO         9323    .ARM.Collect$$$$00002712  mc_w.l(entry2.o)
    0x080001c4   0x080001c4   0x000000be   Code   RO         6609    .emb_text           port.o
    0x08000282   0x08000282   0x00000002   PAD
    0x08000284   0x08000284   0x00000024   Code   RO            4    .text               startup_stm32f427xx.o
    0x080002a8   0x080002a8   0x00000062   Code   RO         8992    .text               mc_w.l(uldiv.o)
    0x0800030a   0x0800030a   0x00000024   Code   RO         8994    .text               mc_w.l(memcpya.o)
    0x0800032e   0x0800032e   0x00000024   Code   RO         8998    .text               mc_w.l(memseta.o)
    0x08000352   0x08000352   0x0000014e   Code   RO         9267    .text               mf_w.l(dadd.o)
    0x080004a0   0x080004a0   0x000000e4   Code   RO         9269    .text               mf_w.l(dmul.o)
    0x08000584   0x08000584   0x00000026   Code   RO         9271    .text               mf_w.l(f2d.o)
    0x080005aa   0x080005aa   0x00000038   Code   RO         9273    .text               mf_w.l(d2f.o)
    0x080005e2   0x080005e2   0x0000002c   Code   RO         9341    .text               mc_w.l(uidiv.o)
    0x0800060e   0x0800060e   0x0000001e   Code   RO         9343    .text               mc_w.l(llshl.o)
    0x0800062c   0x0800062c   0x00000020   Code   RO         9345    .text               mc_w.l(llushr.o)
    0x0800064c   0x0800064c   0x00000024   Code   RO         9347    .text               mc_w.l(llsshr.o)
    0x08000670   0x08000670   0x00000000   Code   RO         9356    .text               mc_w.l(iusefp.o)
    0x08000670   0x08000670   0x0000006e   Code   RO         9357    .text               mf_w.l(fepilogue.o)
    0x080006de   0x080006de   0x000000ba   Code   RO         9359    .text               mf_w.l(depilogue.o)
    0x08000798   0x08000798   0x000000de   Code   RO         9361    .text               mf_w.l(ddiv.o)
    0x08000876   0x08000876   0x00000004   Code   RO         9369    .text               mf_w.l(fpstat.o)
    0x0800087a   0x0800087a   0x00000002   PAD
    0x0800087c   0x0800087c   0x00000024   Code   RO         9381    .text               mc_w.l(init.o)
    0x080008a0   0x080008a0   0x00000022   Code   RO         9385    .text               mf_w.l(dflti.o)
    0x080008c2   0x080008c2   0x0000001a   Code   RO         9387    .text               mf_w.l(dfltui.o)
    0x080008dc   0x080008dc   0x0000003e   Code   RO         9389    .text               mf_w.l(dfixi.o)
    0x0800091a   0x0800091a   0x00000056   Code   RO         9399    .text               mc_w.l(__dczerorl2.o)
    0x08000970   0x08000970   0x00000028   Code   RO         8069    i.Append_CRC16_Check_Sum  crc_verification.o
    0x08000998   0x08000998   0x0000001c   Code   RO         8070    i.Append_CRC8_Check_Sum  crc_verification.o
    0x080009b4   0x080009b4   0x000000bc   Code   RO         7194    i.Board_A_IMU_Calc_Angle  board_a_imu.o
    0x08000a70   0x08000a70   0x000000a4   Code   RO         7195    i.Board_A_IMU_Calibrate  board_a_imu.o
    0x08000b14   0x08000b14   0x0000008e   Code   RO         7196    i.Board_A_IMU_I2C_Config  board_a_imu.o
    0x08000ba2   0x08000ba2   0x00000002   PAD
    0x08000ba4   0x08000ba4   0x0000003c   Code   RO         7197    i.Board_A_IMU_Init  board_a_imu.o
    0x08000be0   0x08000be0   0x0000005c   Code   RO         7198    i.Board_A_IMU_Read_Bytes  board_a_imu.o
    0x08000c3c   0x08000c3c   0x000001a4   Code   RO         7199    i.Board_A_IMU_Read_Data  board_a_imu.o
    0x08000de0   0x08000de0   0x0000001c   Code   RO         7200    i.Board_A_IMU_Reset  board_a_imu.o
    0x08000dfc   0x08000dfc   0x00000030   Code   RO         6926    i.Board_A_IMU_Temp_Control  imu_temp_control.o
    0x08000e2c   0x08000e2c   0x0000000c   Code   RO         6927    i.Board_A_IMU_Temp_Control_Init  imu_temp_control.o
    0x08000e38   0x08000e38   0x00000054   Code   RO         7201    i.Board_A_IMU_Write_Byte  board_a_imu.o
    0x08000e8c   0x08000e8c   0x00000002   Code   RO          797    i.BusFault_Handler  stm32f4xx_it.o
    0x08000e8e   0x08000e8e   0x00000002   PAD
    0x08000e90   0x08000e90   0x00000114   Code   RO         7621    i.Buzzer_Choose_Note  buzzer.o
    0x08000fa4   0x08000fa4   0x0000000c   Code   RO         7622    i.Buzzer_Init       buzzer.o
    0x08000fb0   0x08000fb0   0x00000002   Code   RO         7623    i.Buzzer_Modules_Offline  buzzer.o
    0x08000fb2   0x08000fb2   0x00000002   PAD
    0x08000fb4   0x08000fb4   0x0000001c   Code   RO         7624    i.Buzzer_On         buzzer.o
    0x08000fd0   0x08000fd0   0x000000bc   Code   RO         7626    i.Buzzer_Robot_Initializing  buzzer.o
    0x0800108c   0x0800108c   0x00000056   Code   RO         7627    i.Buzzer_Robot_Is_Initialized  buzzer.o
    0x080010e2   0x080010e2   0x00000002   PAD
    0x080010e4   0x080010e4   0x00000028   Code   RO          798    i.CAN1_RX0_IRQHandler  stm32f4xx_it.o
    0x0800110c   0x0800110c   0x0000009c   Code   RO          284    i.CAN1_Rec          freertos.o
    0x080011a8   0x080011a8   0x00000028   Code   RO          799    i.CAN2_RX0_IRQHandler  stm32f4xx_it.o
    0x080011d0   0x080011d0   0x00000078   Code   RO          285    i.CAN2_Rec          freertos.o
    0x08001248   0x08001248   0x00000048   Code   RO         7743    i.CAN_0x1FF_Send_Data  can_setup.o
    0x08001290   0x08001290   0x00000048   Code   RO         7744    i.CAN_0x200_Send_Data  can_setup.o
    0x080012d8   0x080012d8   0x00000028   Code   RO         7745    i.CAN_0x210_Send_Data  can_setup.o
    0x08001300   0x08001300   0x00000048   Code   RO         7746    i.CAN_0x2FF_Send_Data  can_setup.o
    0x08001348   0x08001348   0x0000004c   Code   RO         7747    i.CAN_IT_Init       can_setup.o
    0x08001394   0x08001394   0x0000005c   Code   RO         7748    i.CAN_RxMessage_Export_Data  can_setup.o
    0x080013f0   0x080013f0   0x00000034   Code   RO         7749    i.CAN_SendData      can_setup.o
    0x08001424   0x08001424   0x00000028   Code   RO          286    i.CAN_Send_ALL      freertos.o
    0x0800144c   0x0800144c   0x00000004   Code   RO         8232    i.CDC_Control_FS    usbd_cdc_if.o
    0x08001450   0x08001450   0x00000004   Code   RO         8233    i.CDC_DeInit_FS     usbd_cdc_if.o
    0x08001454   0x08001454   0x00000024   Code   RO         8234    i.CDC_Init_FS       usbd_cdc_if.o
    0x08001478   0x08001478   0x00000018   Code   RO         8235    i.CDC_Receive_FS    usbd_cdc_if.o
    0x08001490   0x08001490   0x00000004   Code   RO         8236    i.CDC_TransmitCplt_FS  usbd_cdc_if.o
    0x08001494   0x08001494   0x0000002c   Code   RO         8237    i.CDC_Transmit_FS   usbd_cdc_if.o
    0x080014c0   0x080014c0   0x00000260   Code   RO         6778    i.Chassis_Processing  chassis_control.o
    0x08001720   0x08001720   0x00000084   Code   RO         6779    i.Chassis_Speed_Get_Data  chassis_control.o
    0x080017a4   0x080017a4   0x00000030   Code   RO         7750    i.Check_CAN         can_setup.o
    0x080017d4   0x080017d4   0x0000001c   Code   RO         7128    i.Check_DR16        dr16_remote.o
    0x080017f0   0x080017f0   0x00000018   Code   RO         7367    i.Check_GM6020_Pitch  gm6020_motor.o
    0x08001808   0x08001808   0x00000018   Code   RO         7368    i.Check_GM6020_Yaw  gm6020_motor.o
    0x08001820   0x08001820   0x00000018   Code   RO         7428    i.Check_M2006_Trigger  m2006_motor.o
    0x08001838   0x08001838   0x00000028   Code   RO         7306    i.Check_M3508_Chassis  m3508_motor.o
    0x08001860   0x08001860   0x00000028   Code   RO         7307    i.Check_M3508_Fric_Wheel  m3508_motor.o
    0x08001888   0x08001888   0x00000018   Code   RO         7471    i.Check_Super_Capacitor  super_capacitor.o
    0x080018a0   0x080018a0   0x00000030   Code   RO         7034    i.Clear_PID_Data    pid.o
    0x080018d0   0x080018d0   0x00000014   Code   RO         7085    i.Clear_Ramp        ramp_calc.o
    0x080018e4   0x080018e4   0x00000078   Code   RO         6741    i.Computer_Update   state_machine.o
    0x0800195c   0x0800195c   0x00000010   Code   RO          670    i.ConfigureTimerForRunTimeStats  tim.o
    0x0800196c   0x0800196c   0x0000000c   Code   RO          800    i.DMA1_Stream1_IRQHandler  stm32f4xx_it.o
    0x08001978   0x08001978   0x0000000c   Code   RO          801    i.DMA1_Stream3_IRQHandler  stm32f4xx_it.o
    0x08001984   0x08001984   0x00000002   Code   RO          802    i.DMA2_Stream1_IRQHandler  stm32f4xx_it.o
    0x08001986   0x08001986   0x00000002   Code   RO          803    i.DMA2_Stream2_IRQHandler  stm32f4xx_it.o
    0x08001988   0x08001988   0x00000028   Code   RO         2094    i.DMA_CalcBaseAndBitshift  stm32f4xx_hal_dma.o
    0x080019b0   0x080019b0   0x00000054   Code   RO         2095    i.DMA_CheckFifoParam  stm32f4xx_hal_dma.o
    0x08001a04   0x08001a04   0x00000028   Code   RO         2096    i.DMA_SetConfig     stm32f4xx_hal_dma.o
    0x08001a2c   0x08001a2c   0x000000cc   Code   RO         7129    i.DR16_Data_Process  dr16_remote.o
    0x08001af8   0x08001af8   0x0000003c   Code   RO         7130    i.DR16_Handler      dr16_remote.o
    0x08001b34   0x08001b34   0x0000004c   Code   RO         7131    i.DR16_USART_Receive_DMA  dr16_remote.o
    0x08001b80   0x08001b80   0x00000002   Code   RO          804    i.DebugMon_Handler  stm32f4xx_it.o
    0x08001b82   0x08001b82   0x00000004   Code   RO           13    i.Error_Handler     main.o
    0x08001b86   0x08001b86   0x00000002   PAD
    0x08001b88   0x08001b88   0x00000034   Code   RO         7004    i.Find_Gimbal_Min_Angle  user_defined_math.o
    0x08001bbc   0x08001bbc   0x00000008   Code   RO         7886    i.FusionAhrsGetQuaternion  fusionahrs.o
    0x08001bc4   0x08001bc4   0x00000020   Code   RO         7887    i.FusionAhrsInitialise  fusionahrs.o
    0x08001be4   0x08001be4   0x0000004c   Code   RO         7888    i.FusionAhrsReset   fusionahrs.o
    0x08001c30   0x08001c30   0x000000ca   Code   RO         7889    i.FusionAhrsSetHeading  fusionahrs.o
    0x08001cfa   0x08001cfa   0x00000002   PAD
    0x08001cfc   0x08001cfc   0x000000b0   Code   RO         7890    i.FusionAhrsSetSettings  fusionahrs.o
    0x08001dac   0x08001dac   0x00000368   Code   RO         7891    i.FusionAhrsUpdate  fusionahrs.o
    0x08002114   0x08002114   0x00000040   Code   RO         7893    i.FusionAhrsUpdateNoMagnetometer  fusionahrs.o
    0x08002154   0x08002154   0x00000050   Code   RO         8020    i.FusionCompassCalculateHeading  fusioncompass.o
    0x080021a4   0x080021a4   0x00000010   Code   RO         7895    i.FusionDegreesToRadians  fusionahrs.o
    0x080021b4   0x080021b4   0x00000034   Code   RO         7896    i.FusionFastInverseSqrt  fusionahrs.o
    0x080021e8   0x080021e8   0x000000ac   Code   RO         7202    i.FusionQuaternionToEuler  board_a_imu.o
    0x08002294   0x08002294   0x0000000e   Code   RO         7897    i.FusionVectorAdd   fusionahrs.o
    0x080022a2   0x080022a2   0x00000022   Code   RO         7898    i.FusionVectorCrossProduct  fusionahrs.o
    0x080022c4   0x080022c4   0x00000022   Code   RO         8021    i.FusionVectorCrossProduct  fusioncompass.o
    0x080022e6   0x080022e6   0x00000026   Code   RO         7899    i.FusionVectorIsZero  fusionahrs.o
    0x0800230c   0x0800230c   0x00000016   Code   RO         7901    i.FusionVectorMagnitudeSquared  fusionahrs.o
    0x08002322   0x08002322   0x0000000e   Code   RO         7902    i.FusionVectorMultiplyScalar  fusionahrs.o
    0x08002330   0x08002330   0x00000036   Code   RO         7903    i.FusionVectorNormalise  fusionahrs.o
    0x08002366   0x08002366   0x00000002   PAD
    0x08002368   0x08002368   0x00000054   Code   RO         8022    i.FusionVectorNormalise  fusioncompass.o
    0x080023bc   0x080023bc   0x0000007c   Code   RO         7369    i.GM6020_Pitch_Get_Data  gm6020_motor.o
    0x08002438   0x08002438   0x00000020   Code   RO         7370    i.GM6020_Pitch_Send_Data  gm6020_motor.o
    0x08002458   0x08002458   0x0000007c   Code   RO         7371    i.GM6020_Yaw_Get_Data  gm6020_motor.o
    0x080024d4   0x080024d4   0x00000020   Code   RO         7372    i.GM6020_Yaw_Send_Data  gm6020_motor.o
    0x080024f4   0x080024f4   0x000000a4   Code   RO          287    i.General_Init      freertos.o
    0x08002598   0x08002598   0x0000002c   Code   RO         8071    i.Get_CRC16_Check_Sum  crc_verification.o
    0x080025c4   0x080025c4   0x0000001c   Code   RO         8072    i.Get_CRC8_Check_Sum  crc_verification.o
    0x080025e0   0x080025e0   0x000000dc   Code   RO         6821    i.Gimbal_Control_Get_Data  gimbal_control.o
    0x080026bc   0x080026bc   0x0000001c   Code   RO         6822    i.Gimbal_Init       gimbal_control.o
    0x080026d8   0x080026d8   0x0000028c   Code   RO         6823    i.Gimbal_Processing  gimbal_control.o
    0x08002964   0x08002964   0x000000dc   Code   RO         2799    i.HAL_CAN_AddTxMessage  stm32f4xx_hal_can.o
    0x08002a40   0x08002a40   0x0000010c   Code   RO         2800    i.HAL_CAN_ConfigFilter  stm32f4xx_hal_can.o
    0x08002b4c   0x08002b4c   0x000000e8   Code   RO         2806    i.HAL_CAN_GetRxMessage  stm32f4xx_hal_can.o
    0x08002c34   0x08002c34   0x0000011a   Code   RO         2811    i.HAL_CAN_Init      stm32f4xx_hal_can.o
    0x08002d4e   0x08002d4e   0x00000002   PAD
    0x08002d50   0x08002d50   0x000000fc   Code   RO          514    i.HAL_CAN_MspInit   can.o
    0x08002e4c   0x08002e4c   0x00000058   Code   RO         2823    i.HAL_CAN_Start     stm32f4xx_hal_can.o
    0x08002ea4   0x08002ea4   0x000001a0   Code   RO         2102    i.HAL_DMA_IRQHandler  stm32f4xx_hal_dma.o
    0x08003044   0x08003044   0x000000d4   Code   RO         2103    i.HAL_DMA_Init      stm32f4xx_hal_dma.o
    0x08003118   0x08003118   0x00000046   Code   RO         2106    i.HAL_DMA_Start     stm32f4xx_hal_dma.o
    0x0800315e   0x0800315e   0x0000006e   Code   RO         2107    i.HAL_DMA_Start_IT  stm32f4xx_hal_dma.o
    0x080031cc   0x080031cc   0x00000024   Code   RO         2534    i.HAL_Delay         stm32f4xx_hal.o
    0x080031f0   0x080031f0   0x00000234   Code   RO         1990    i.HAL_GPIO_Init     stm32f4xx_hal_gpio.o
    0x08003424   0x08003424   0x0000000a   Code   RO         1994    i.HAL_GPIO_WritePin  stm32f4xx_hal_gpio.o
    0x0800342e   0x0800342e   0x00000002   PAD
    0x08003430   0x08003430   0x0000000c   Code   RO         2542    i.HAL_GetTick       stm32f4xx_hal.o
    0x0800343c   0x0800343c   0x00000042   Code   RO         3463    i.HAL_I2CEx_ConfigAnalogFilter  stm32f4xx_hal_i2c_ex.o
    0x0800347e   0x0800347e   0x0000003e   Code   RO         3464    i.HAL_I2CEx_ConfigDigitalFilter  stm32f4xx_hal_i2c_ex.o
    0x080034bc   0x080034bc   0x00000188   Code   RO         3042    i.HAL_I2C_Init      stm32f4xx_hal_i2c.o
    0x08003644   0x08003644   0x00000068   Code   RO          587    i.HAL_I2C_MspInit   i2c.o
    0x080036ac   0x080036ac   0x00000010   Code   RO         2548    i.HAL_IncTick       stm32f4xx_hal.o
    0x080036bc   0x080036bc   0x00000034   Code   RO         2549    i.HAL_Init          stm32f4xx_hal.o
    0x080036f0   0x080036f0   0x00000098   Code   RO          959    i.HAL_InitTick      stm32f4xx_hal_timebase_tim.o
    0x08003788   0x08003788   0x00000038   Code   RO          935    i.HAL_MspInit       stm32f4xx_hal_msp.o
    0x080037c0   0x080037c0   0x0000001a   Code   RO         2397    i.HAL_NVIC_EnableIRQ  stm32f4xx_hal_cortex.o
    0x080037da   0x080037da   0x00000002   PAD
    0x080037dc   0x080037dc   0x00000040   Code   RO         2403    i.HAL_NVIC_SetPriority  stm32f4xx_hal_cortex.o
    0x0800381c   0x0800381c   0x00000024   Code   RO         2404    i.HAL_NVIC_SetPriorityGrouping  stm32f4xx_hal_cortex.o
    0x08003840   0x08003840   0x00000002   Code   RO         1237    i.HAL_PCDEx_LPM_Callback  stm32f4xx_hal_pcd_ex.o
    0x08003842   0x08003842   0x00000008   Code   RO         1238    i.HAL_PCDEx_SetRxFiFo  stm32f4xx_hal_pcd_ex.o
    0x0800384a   0x0800384a   0x00000044   Code   RO         1239    i.HAL_PCDEx_SetTxFiFo  stm32f4xx_hal_pcd_ex.o
    0x0800388e   0x0800388e   0x00000008   Code   RO         8289    i.HAL_PCD_ConnectCallback  usbd_conf.o
    0x08003896   0x08003896   0x00000012   Code   RO         8290    i.HAL_PCD_DataInStageCallback  usbd_conf.o
    0x080038a8   0x080038a8   0x00000014   Code   RO         8291    i.HAL_PCD_DataOutStageCallback  usbd_conf.o
    0x080038bc   0x080038bc   0x00000008   Code   RO         8292    i.HAL_PCD_DisconnectCallback  usbd_conf.o
    0x080038c4   0x080038c4   0x0000001e   Code   RO         1007    i.HAL_PCD_EP_Abort  stm32f4xx_hal_pcd.o
    0x080038e2   0x080038e2   0x0000004c   Code   RO         1008    i.HAL_PCD_EP_Close  stm32f4xx_hal_pcd.o
    0x0800392e   0x0800392e   0x0000005c   Code   RO         1009    i.HAL_PCD_EP_ClrStall  stm32f4xx_hal_pcd.o
    0x0800398a   0x0800398a   0x00000012   Code   RO         1011    i.HAL_PCD_EP_GetRxCount  stm32f4xx_hal_pcd.o
    0x0800399c   0x0800399c   0x00000060   Code   RO         1012    i.HAL_PCD_EP_Open   stm32f4xx_hal_pcd.o
    0x080039fc   0x080039fc   0x00000048   Code   RO         1013    i.HAL_PCD_EP_Receive  stm32f4xx_hal_pcd.o
    0x08003a44   0x08003a44   0x00000074   Code   RO         1014    i.HAL_PCD_EP_SetStall  stm32f4xx_hal_pcd.o
    0x08003ab8   0x08003ab8   0x00000040   Code   RO         1015    i.HAL_PCD_EP_Transmit  stm32f4xx_hal_pcd.o
    0x08003af8   0x08003af8   0x00000560   Code   RO         1017    i.HAL_PCD_IRQHandler  stm32f4xx_hal_pcd.o
    0x08004058   0x08004058   0x00000008   Code   RO         8293    i.HAL_PCD_ISOINIncompleteCallback  usbd_conf.o
    0x08004060   0x08004060   0x00000008   Code   RO         8294    i.HAL_PCD_ISOOUTIncompleteCallback  usbd_conf.o
    0x08004068   0x08004068   0x000000e2   Code   RO         1020    i.HAL_PCD_Init      stm32f4xx_hal_pcd.o
    0x0800414a   0x0800414a   0x00000002   PAD
    0x0800414c   0x0800414c   0x00000084   Code   RO         8296    i.HAL_PCD_MspInit   usbd_conf.o
    0x080041d0   0x080041d0   0x0000002c   Code   RO         8297    i.HAL_PCD_ResetCallback  usbd_conf.o
    0x080041fc   0x080041fc   0x00000008   Code   RO         8298    i.HAL_PCD_ResumeCallback  usbd_conf.o
    0x08004204   0x08004204   0x00000008   Code   RO         8299    i.HAL_PCD_SOFCallback  usbd_conf.o
    0x0800420c   0x0800420c   0x00000028   Code   RO         1026    i.HAL_PCD_SetAddress  stm32f4xx_hal_pcd.o
    0x08004234   0x08004234   0x0000000e   Code   RO         8300    i.HAL_PCD_SetupStageCallback  usbd_conf.o
    0x08004242   0x08004242   0x00000042   Code   RO         1029    i.HAL_PCD_Start     stm32f4xx_hal_pcd.o
    0x08004284   0x08004284   0x00000030   Code   RO         8301    i.HAL_PCD_SuspendCallback  usbd_conf.o
    0x080042b4   0x080042b4   0x00000134   Code   RO         1584    i.HAL_RCC_ClockConfig  stm32f4xx_hal_rcc.o
    0x080043e8   0x080043e8   0x00000040   Code   RO         1588    i.HAL_RCC_GetClockConfig  stm32f4xx_hal_rcc.o
    0x08004428   0x08004428   0x0000000c   Code   RO         1589    i.HAL_RCC_GetHCLKFreq  stm32f4xx_hal_rcc.o
    0x08004434   0x08004434   0x00000020   Code   RO         1591    i.HAL_RCC_GetPCLK1Freq  stm32f4xx_hal_rcc.o
    0x08004454   0x08004454   0x00000020   Code   RO         1592    i.HAL_RCC_GetPCLK2Freq  stm32f4xx_hal_rcc.o
    0x08004474   0x08004474   0x00000064   Code   RO         1593    i.HAL_RCC_GetSysClockFreq  stm32f4xx_hal_rcc.o
    0x080044d8   0x080044d8   0x0000036c   Code   RO         1596    i.HAL_RCC_OscConfig  stm32f4xx_hal_rcc.o
    0x08004844   0x08004844   0x000000bc   Code   RO         3504    i.HAL_SPI_Init      stm32f4xx_hal_spi.o
    0x08004900   0x08004900   0x0000006c   Code   RO          629    i.HAL_SPI_MspInit   spi.o
    0x0800496c   0x0800496c   0x000001e2   Code   RO         3513    i.HAL_SPI_TransmitReceive  stm32f4xx_hal_spi.o
    0x08004b4e   0x08004b4e   0x00000002   Code   RO         4521    i.HAL_TIMEx_BreakCallback  stm32f4xx_hal_tim_ex.o
    0x08004b50   0x08004b50   0x00000002   Code   RO         4522    i.HAL_TIMEx_CommutCallback  stm32f4xx_hal_tim_ex.o
    0x08004b52   0x08004b52   0x00000002   PAD
    0x08004b54   0x08004b54   0x00000090   Code   RO         4540    i.HAL_TIMEx_MasterConfigSynchronization  stm32f4xx_hal_tim_ex.o
    0x08004be4   0x08004be4   0x0000005a   Code   RO         3817    i.HAL_TIM_Base_Init  stm32f4xx_hal_tim.o
    0x08004c3e   0x08004c3e   0x00000002   PAD
    0x08004c40   0x08004c40   0x0000005c   Code   RO          672    i.HAL_TIM_Base_MspInit  tim.o
    0x08004c9c   0x08004c9c   0x00000080   Code   RO         3822    i.HAL_TIM_Base_Start_IT  stm32f4xx_hal_tim.o
    0x08004d1c   0x08004d1c   0x000000dc   Code   RO         3826    i.HAL_TIM_ConfigClockSource  stm32f4xx_hal_tim.o
    0x08004df8   0x08004df8   0x00000002   Code   RO         3851    i.HAL_TIM_IC_CaptureCallback  stm32f4xx_hal_tim.o
    0x08004dfa   0x08004dfa   0x00000166   Code   RO         3865    i.HAL_TIM_IRQHandler  stm32f4xx_hal_tim.o
    0x08004f60   0x08004f60   0x00000084   Code   RO          673    i.HAL_TIM_MspPostInit  tim.o
    0x08004fe4   0x08004fe4   0x00000002   Code   RO         3868    i.HAL_TIM_OC_DelayElapsedCallback  stm32f4xx_hal_tim.o
    0x08004fe6   0x08004fe6   0x000000cc   Code   RO         3889    i.HAL_TIM_PWM_ConfigChannel  stm32f4xx_hal_tim.o
    0x080050b2   0x080050b2   0x0000005a   Code   RO         3892    i.HAL_TIM_PWM_Init  stm32f4xx_hal_tim.o
    0x0800510c   0x0800510c   0x00000002   Code   RO         3894    i.HAL_TIM_PWM_MspInit  stm32f4xx_hal_tim.o
    0x0800510e   0x0800510e   0x00000002   Code   RO         3895    i.HAL_TIM_PWM_PulseFinishedCallback  stm32f4xx_hal_tim.o
    0x08005110   0x08005110   0x000000c8   Code   RO         3897    i.HAL_TIM_PWM_Start  stm32f4xx_hal_tim.o
    0x080051d8   0x080051d8   0x0000003c   Code   RO           14    i.HAL_TIM_PeriodElapsedCallback  main.o
    0x08005214   0x08005214   0x00000002   Code   RO         3908    i.HAL_TIM_TriggerCallback  stm32f4xx_hal_tim.o
    0x08005216   0x08005216   0x00000002   Code   RO         4799    i.HAL_UARTEx_RxEventCallback  stm32f4xx_hal_uart.o
    0x08005218   0x08005218   0x00000002   Code   RO         4813    i.HAL_UART_ErrorCallback  stm32f4xx_hal_uart.o
    0x0800521a   0x0800521a   0x00000062   Code   RO         4817    i.HAL_UART_Init     stm32f4xx_hal_uart.o
    0x0800527c   0x0800527c   0x00000288   Code   RO          738    i.HAL_UART_MspInit  usart.o
    0x08005504   0x08005504   0x0000002a   Code   RO         4821    i.HAL_UART_Receive_DMA  stm32f4xx_hal_uart.o
    0x0800552e   0x0800552e   0x00000002   PAD
    0x08005530   0x08005530   0x00000014   Code   RO         7688    i.HAL_UART_RxCpltCallback  jetson_tx2.o
    0x08005544   0x08005544   0x00000002   Code   RO         4824    i.HAL_UART_RxHalfCpltCallback  stm32f4xx_hal_uart.o
    0x08005546   0x08005546   0x00000002   PAD
    0x08005548   0x08005548   0x0000008c   Code   RO         4826    i.HAL_UART_Transmit_DMA  stm32f4xx_hal_uart.o
    0x080055d4   0x080055d4   0x00000014   Code   RO         7689    i.HAL_UART_TxCpltCallback  jetson_tx2.o
    0x080055e8   0x080055e8   0x00000002   Code   RO         4829    i.HAL_UART_TxHalfCpltCallback  stm32f4xx_hal_uart.o
    0x080055ea   0x080055ea   0x00000002   Code   RO          805    i.HardFault_Handler  stm32f4xx_it.o
    0x080055ec   0x080055ec   0x00000100   Code   RO         7203    i.IST8310_Init      board_a_imu.o
    0x080056ec   0x080056ec   0x00000078   Code   RO         7204    i.IST8310_Read_Byte  board_a_imu.o
    0x08005764   0x08005764   0x00000042   Code   RO         7205    i.IST8310_Write_Byte  board_a_imu.o
    0x080057a6   0x080057a6   0x0000008e   Code   RO         7035    i.Incremental_PID   pid.o
    0x08005834   0x08005834   0x00000038   Code   RO         8153    i.IntToUnicode      usbd_desc.o
    0x0800586c   0x0800586c   0x00000128   Code   RO         6780    i.Inverse_Kinematic_Calc  chassis_control.o
    0x08005994   0x08005994   0x00000010   Code   RO         7690    i.Jetson_Tx2_Get_Data  jetson_tx2.o
    0x080059a4   0x080059a4   0x00000024   Code   RO         7691    i.Jetson_Tx2_Initialization  jetson_tx2.o
    0x080059c8   0x080059c8   0x00000020   Code   RO         7692    i.Jetson_Tx2_Send_Data  jetson_tx2.o
    0x080059e8   0x080059e8   0x0000000a   Code   RO         7132    i.Key_State_Clear   dr16_remote.o
    0x080059f2   0x080059f2   0x00000020   Code   RO         7133    i.Key_State_Detect  dr16_remote.o
    0x08005a12   0x08005a12   0x00000002   PAD
    0x08005a14   0x08005a14   0x0000017c   Code   RO         7134    i.Keyboard_Data_Process  dr16_remote.o
    0x08005b90   0x08005b90   0x00000050   Code   RO         7429    i.M2006_Trigger_Get_Data  m2006_motor.o
    0x08005be0   0x08005be0   0x00000020   Code   RO         7430    i.M2006_Trigger_Send_Data  m2006_motor.o
    0x08005c00   0x08005c00   0x00000034   Code   RO         7308    i.M3508_Chassis_Get_Data  m3508_motor.o
    0x08005c34   0x08005c34   0x0000001c   Code   RO         7309    i.M3508_Chassis_Send_Data  m3508_motor.o
    0x08005c50   0x08005c50   0x00000050   Code   RO         7310    i.M3508_Fric_Wheel_Get_Data  m3508_motor.o
    0x08005ca0   0x08005ca0   0x00000020   Code   RO         7311    i.M3508_Fric_Wheel_Send_Data  m3508_motor.o
    0x08005cc0   0x08005cc0   0x00000048   Code   RO          515    i.MX_CAN1_Init      can.o
    0x08005d08   0x08005d08   0x00000048   Code   RO          516    i.MX_CAN2_Init      can.o
    0x08005d50   0x08005d50   0x0000006c   Code   RO          562    i.MX_DMA_Init       dma.o
    0x08005dbc   0x08005dbc   0x000000f4   Code   RO          288    i.MX_FREERTOS_Init  freertos.o
    0x08005eb0   0x08005eb0   0x000000ac   Code   RO          260    i.MX_GPIO_Init      gpio.o
    0x08005f5c   0x08005f5c   0x0000005c   Code   RO          588    i.MX_I2C2_Init      i2c.o
    0x08005fb8   0x08005fb8   0x00000048   Code   RO          630    i.MX_SPI5_Init      spi.o
    0x08006000   0x08006000   0x00000080   Code   RO          674    i.MX_TIM12_Init     tim.o
    0x08006080   0x08006080   0x00000098   Code   RO          675    i.MX_TIM3_Init      tim.o
    0x08006118   0x08006118   0x00000044   Code   RO          676    i.MX_TIM7_Init      tim.o
    0x0800615c   0x0800615c   0x00000038   Code   RO          739    i.MX_UART7_Init     usart.o
    0x08006194   0x08006194   0x00000038   Code   RO          740    i.MX_UART8_Init     usart.o
    0x080061cc   0x080061cc   0x0000003c   Code   RO          741    i.MX_USART1_UART_Init  usart.o
    0x08006208   0x08006208   0x00000038   Code   RO          742    i.MX_USART6_UART_Init  usart.o
    0x08006240   0x08006240   0x00000054   Code   RO         8122    i.MX_USB_DEVICE_Init  usb_device.o
    0x08006294   0x08006294   0x00000002   Code   RO          806    i.MemManage_Handler  stm32f4xx_it.o
    0x08006296   0x08006296   0x00000002   Code   RO          807    i.NMI_Handler       stm32f4xx_it.o
    0x08006298   0x08006298   0x0000000c   Code   RO          808    i.OTG_FS_IRQHandler  stm32f4xx_it.o
    0x080062a4   0x080062a4   0x000000cc   Code   RO         1033    i.PCD_EP_OutXfrComplete_int  stm32f4xx_hal_pcd.o
    0x08006370   0x08006370   0x000000a2   Code   RO         1034    i.PCD_WriteEmptyTxFifo  stm32f4xx_hal_pcd.o
    0x08006412   0x08006412   0x0000007a   Code   RO         7036    i.Positional_PID    pid.o
    0x0800648c   0x0800648c   0x00000028   Code   RO         7086    i.Ramp_Down         ramp_calc.o
    0x080064b4   0x080064b4   0x00000036   Code   RO         7087    i.Ramp_Up           ramp_calc.o
    0x080064ea   0x080064ea   0x00000002   PAD
    0x080064ec   0x080064ec   0x000001ec   Code   RO         7572    i.Referee_Get_Data  referee_system.o
    0x080066d8   0x080066d8   0x00000050   Code   RO         7573    i.Referee_System_Handler  referee_system.o
    0x08006728   0x08006728   0x0000003c   Code   RO         7574    i.Referee_UART_Receive_DMA_No_Interrupt  referee_system.o
    0x08006764   0x08006764   0x00000024   Code   RO         7575    i.Referee_UART_Receive_Interrupt  referee_system.o
    0x08006788   0x08006788   0x00000098   Code   RO         6742    i.Remote_Control_Update  state_machine.o
    0x08006820   0x08006820   0x0000001c   Code   RO          289    i.Robot_Control     freertos.o
    0x0800683c   0x0800683c   0x0000001c   Code   RO         6698    i.Robot_Control_Disabled  robot_control.o
    0x08006858   0x08006858   0x0000008c   Code   RO         6699    i.Robot_Control_Send  robot_control.o
    0x080068e4   0x080068e4   0x0000006c   Code   RO         6700    i.Robot_Control_Start  robot_control.o
    0x08006950   0x08006950   0x00000058   Code   RO         3542    i.SPI_EndRxTxTransaction  stm32f4xx_hal_spi.o
    0x080069a8   0x080069a8   0x000000b8   Code   RO         3547    i.SPI_WaitFlagStateUntilTimeout  stm32f4xx_hal_spi.o
    0x08006a60   0x08006a60   0x0000000a   Code   RO         8655    i.SWAPBYTE          usbd_ctlreq.o
    0x08006a6a   0x08006a6a   0x00000002   PAD
    0x08006a6c   0x08006a6c   0x00000050   Code   RO         6864    i.Shooting_Disabled  shooting_control.o
    0x08006abc   0x08006abc   0x0000001c   Code   RO         6865    i.Shooting_Init     shooting_control.o
    0x08006ad8   0x08006ad8   0x000000cc   Code   RO         6866    i.Shooting_Processing  shooting_control.o
    0x08006ba4   0x08006ba4   0x0000000a   Code   RO          290    i.StartIMUTask      freertos.o
    0x08006bae   0x08006bae   0x00000002   PAD
    0x08006bb0   0x08006bb0   0x00000048   Code   RO          291    i.StartTransmission  freertos.o
    0x08006bf8   0x08006bf8   0x0000005c   Code   RO         7472    i.Super_Capacitor_Get_Data  super_capacitor.o
    0x08006c54   0x08006c54   0x00000014   Code   RO         7473    i.Super_Capacitor_Send_Data  super_capacitor.o
    0x08006c68   0x08006c68   0x0000002c   Code   RO         6610    i.SysTick_Handler   port.o
    0x08006c94   0x08006c94   0x00000094   Code   RO           15    i.SystemClock_Config  main.o
    0x08006d28   0x08006d28   0x00000010   Code   RO         5146    i.SystemInit        system_stm32f4xx.o
    0x08006d38   0x08006d38   0x0000000c   Code   RO          809    i.TIM6_DAC_IRQHandler  stm32f4xx_it.o
    0x08006d44   0x08006d44   0x000000c8   Code   RO         3910    i.TIM_Base_SetConfig  stm32f4xx_hal_tim.o
    0x08006e0c   0x08006e0c   0x0000001a   Code   RO         3911    i.TIM_CCxChannelCmd  stm32f4xx_hal_tim.o
    0x08006e26   0x08006e26   0x00000014   Code   RO         3921    i.TIM_ETR_SetConfig  stm32f4xx_hal_tim.o
    0x08006e3a   0x08006e3a   0x00000010   Code   RO         3922    i.TIM_ITRx_SetConfig  stm32f4xx_hal_tim.o
    0x08006e4a   0x08006e4a   0x00000002   PAD
    0x08006e4c   0x08006e4c   0x00000060   Code   RO         3923    i.TIM_OC1_SetConfig  stm32f4xx_hal_tim.o
    0x08006eac   0x08006eac   0x0000006c   Code   RO         3924    i.TIM_OC2_SetConfig  stm32f4xx_hal_tim.o
    0x08006f18   0x08006f18   0x00000068   Code   RO         3925    i.TIM_OC3_SetConfig  stm32f4xx_hal_tim.o
    0x08006f80   0x08006f80   0x00000050   Code   RO         3926    i.TIM_OC4_SetConfig  stm32f4xx_hal_tim.o
    0x08006fd0   0x08006fd0   0x00000022   Code   RO         3928    i.TIM_TI1_ConfigInputStage  stm32f4xx_hal_tim.o
    0x08006ff2   0x08006ff2   0x00000024   Code   RO         3930    i.TIM_TI2_ConfigInputStage  stm32f4xx_hal_tim.o
    0x08007016   0x08007016   0x00000002   PAD
    0x08007018   0x08007018   0x00000058   Code   RO         6867    i.Trigger_Get_Data  shooting_control.o
    0x08007070   0x08007070   0x000000b4   Code   RO         6868    i.Turn_Friction_Wheel_Off  shooting_control.o
    0x08007124   0x08007124   0x000000bc   Code   RO         6869    i.Turn_Friction_Wheel_On  shooting_control.o
    0x080071e0   0x080071e0   0x0000004a   Code   RO         4831    i.UART_DMAError     stm32f4xx_hal_uart.o
    0x0800722a   0x0800722a   0x00000082   Code   RO         4832    i.UART_DMAReceiveCplt  stm32f4xx_hal_uart.o
    0x080072ac   0x080072ac   0x0000001a   Code   RO         4834    i.UART_DMARxHalfCplt  stm32f4xx_hal_uart.o
    0x080072c6   0x080072c6   0x00000042   Code   RO         4836    i.UART_DMATransmitCplt  stm32f4xx_hal_uart.o
    0x08007308   0x08007308   0x0000000a   Code   RO         4838    i.UART_DMATxHalfCplt  stm32f4xx_hal_uart.o
    0x08007312   0x08007312   0x0000004e   Code   RO         4840    i.UART_EndRxTransfer  stm32f4xx_hal_uart.o
    0x08007360   0x08007360   0x0000001c   Code   RO         4841    i.UART_EndTxTransfer  stm32f4xx_hal_uart.o
    0x0800737c   0x0800737c   0x0000010c   Code   RO         4843    i.UART_SetConfig    stm32f4xx_hal_uart.o
    0x08007488   0x08007488   0x00000094   Code   RO         4844    i.UART_Start_Receive_DMA  stm32f4xx_hal_uart.o
    0x0800751c   0x0800751c   0x0000002c   Code   RO          810    i.USART1_IRQHandler  stm32f4xx_it.o
    0x08007548   0x08007548   0x0000002c   Code   RO          811    i.USART6_IRQHandler  stm32f4xx_it.o
    0x08007574   0x08007574   0x00000076   Code   RO         8788    i.USBD_CDC_DataIn   usbd_cdc.o
    0x080075ea   0x080075ea   0x0000003c   Code   RO         8789    i.USBD_CDC_DataOut  usbd_cdc.o
    0x08007626   0x08007626   0x00000002   PAD
    0x08007628   0x08007628   0x00000090   Code   RO         8790    i.USBD_CDC_DeInit   usbd_cdc.o
    0x080076b8   0x080076b8   0x00000036   Code   RO         8791    i.USBD_CDC_EP0_RxReady  usbd_cdc.o
    0x080076ee   0x080076ee   0x00000002   PAD
    0x080076f0   0x080076f0   0x0000000c   Code   RO         8792    i.USBD_CDC_GetDeviceQualifierDescriptor  usbd_cdc.o
    0x080076fc   0x080076fc   0x0000003c   Code   RO         8793    i.USBD_CDC_GetFSCfgDesc  usbd_cdc.o
    0x08007738   0x08007738   0x00000040   Code   RO         8794    i.USBD_CDC_GetHSCfgDesc  usbd_cdc.o
    0x08007778   0x08007778   0x0000003c   Code   RO         8795    i.USBD_CDC_GetOtherSpeedCfgDesc  usbd_cdc.o
    0x080077b4   0x080077b4   0x00000118   Code   RO         8796    i.USBD_CDC_Init     usbd_cdc.o
    0x080078cc   0x080078cc   0x00000038   Code   RO         8797    i.USBD_CDC_ReceivePacket  usbd_cdc.o
    0x08007904   0x08007904   0x00000016   Code   RO         8798    i.USBD_CDC_RegisterInterface  usbd_cdc.o
    0x0800791a   0x0800791a   0x0000001a   Code   RO         8799    i.USBD_CDC_SetRxBuffer  usbd_cdc.o
    0x08007934   0x08007934   0x0000001e   Code   RO         8800    i.USBD_CDC_SetTxBuffer  usbd_cdc.o
    0x08007952   0x08007952   0x000000d4   Code   RO         8801    i.USBD_CDC_Setup    usbd_cdc.o
    0x08007a26   0x08007a26   0x00000002   PAD
    0x08007a28   0x08007a28   0x00000050   Code   RO         8802    i.USBD_CDC_TransmitPacket  usbd_cdc.o
    0x08007a78   0x08007a78   0x00000014   Code   RO         8496    i.USBD_ClrClassConfig  usbd_core.o
    0x08007a8c   0x08007a8c   0x00000004   Code   RO         8497    i.USBD_CoreFindEP   usbd_core.o
    0x08007a90   0x08007a90   0x00000004   Code   RO         8498    i.USBD_CoreFindIF   usbd_core.o
    0x08007a94   0x08007a94   0x00000010   Code   RO         8728    i.USBD_CtlContinueRx  usbd_ioreq.o
    0x08007aa4   0x08007aa4   0x00000010   Code   RO         8729    i.USBD_CtlContinueSendData  usbd_ioreq.o
    0x08007ab4   0x08007ab4   0x00000016   Code   RO         8656    i.USBD_CtlError     usbd_ctlreq.o
    0x08007aca   0x08007aca   0x0000001e   Code   RO         8730    i.USBD_CtlPrepareRx  usbd_ioreq.o
    0x08007ae8   0x08007ae8   0x00000016   Code   RO         8731    i.USBD_CtlReceiveStatus  usbd_ioreq.o
    0x08007afe   0x08007afe   0x0000001a   Code   RO         8732    i.USBD_CtlSendData  usbd_ioreq.o
    0x08007b18   0x08007b18   0x00000016   Code   RO         8733    i.USBD_CtlSendStatus  usbd_ioreq.o
    0x08007b2e   0x08007b2e   0x00000002   PAD
    0x08007b30   0x08007b30   0x00000020   Code   RO         8154    i.USBD_FS_ConfigStrDescriptor  usbd_desc.o
    0x08007b50   0x08007b50   0x0000000c   Code   RO         8155    i.USBD_FS_DeviceDescriptor  usbd_desc.o
    0x08007b5c   0x08007b5c   0x00000024   Code   RO         8156    i.USBD_FS_InterfaceStrDescriptor  usbd_desc.o
    0x08007b80   0x08007b80   0x0000000c   Code   RO         8157    i.USBD_FS_LangIDStrDescriptor  usbd_desc.o
    0x08007b8c   0x08007b8c   0x00000028   Code   RO         8158    i.USBD_FS_ManufacturerStrDescriptor  usbd_desc.o
    0x08007bb4   0x08007bb4   0x00000020   Code   RO         8159    i.USBD_FS_ProductStrDescriptor  usbd_desc.o
    0x08007bd4   0x08007bd4   0x00000038   Code   RO         8160    i.USBD_FS_SerialStrDescriptor  usbd_desc.o
    0x08007c0c   0x08007c0c   0x000000e6   Code   RO         8657    i.USBD_GetDescriptor  usbd_ctlreq.o
    0x08007cf2   0x08007cf2   0x0000003a   Code   RO         8500    i.USBD_GetEpDesc    usbd_core.o
    0x08007d2c   0x08007d2c   0x0000000e   Code   RO         8501    i.USBD_GetNextDesc  usbd_core.o
    0x08007d3a   0x08007d3a   0x00000048   Code   RO         8658    i.USBD_GetString    usbd_ctlreq.o
    0x08007d82   0x08007d82   0x00000018   Code   RO         8302    i.USBD_Get_USB_Status  usbd_conf.o
    0x08007d9a   0x08007d9a   0x00000026   Code   RO         8502    i.USBD_Init         usbd_core.o
    0x08007dc0   0x08007dc0   0x00000012   Code   RO         8303    i.USBD_LL_ClearStallEP  usbd_conf.o
    0x08007dd2   0x08007dd2   0x00000012   Code   RO         8304    i.USBD_LL_CloseEP   usbd_conf.o
    0x08007de4   0x08007de4   0x000000b6   Code   RO         8503    i.USBD_LL_DataInStage  usbd_core.o
    0x08007e9a   0x08007e9a   0x0000008e   Code   RO         8504    i.USBD_LL_DataOutStage  usbd_core.o
    0x08007f28   0x08007f28   0x00000004   Code   RO         8505    i.USBD_LL_DevConnected  usbd_core.o
    0x08007f2c   0x08007f2c   0x0000001e   Code   RO         8506    i.USBD_LL_DevDisconnected  usbd_core.o
    0x08007f4a   0x08007f4a   0x00000008   Code   RO         8308    i.USBD_LL_GetRxDataSize  usbd_conf.o
    0x08007f52   0x08007f52   0x00000002   PAD
    0x08007f54   0x08007f54   0x00000060   Code   RO         8309    i.USBD_LL_Init      usbd_conf.o
    0x08007fb4   0x08007fb4   0x00000020   Code   RO         8310    i.USBD_LL_IsStallEP  usbd_conf.o
    0x08007fd4   0x08007fd4   0x00000028   Code   RO         8507    i.USBD_LL_IsoINIncomplete  usbd_core.o
    0x08007ffc   0x08007ffc   0x00000028   Code   RO         8508    i.USBD_LL_IsoOUTIncomplete  usbd_core.o
    0x08008024   0x08008024   0x00000018   Code   RO         8311    i.USBD_LL_OpenEP    usbd_conf.o
    0x0800803c   0x0800803c   0x00000012   Code   RO         8312    i.USBD_LL_PrepareReceive  usbd_conf.o
    0x0800804e   0x0800804e   0x0000005c   Code   RO         8509    i.USBD_LL_Reset     usbd_core.o
    0x080080aa   0x080080aa   0x00000014   Code   RO         8510    i.USBD_LL_Resume    usbd_core.o
    0x080080be   0x080080be   0x0000001a   Code   RO         8511    i.USBD_LL_SOF       usbd_core.o
    0x080080d8   0x080080d8   0x00000006   Code   RO         8512    i.USBD_LL_SetSpeed  usbd_core.o
    0x080080de   0x080080de   0x00000012   Code   RO         8313    i.USBD_LL_SetUSBAddress  usbd_conf.o
    0x080080f0   0x080080f0   0x00000060   Code   RO         8513    i.USBD_LL_SetupStage  usbd_core.o
    0x08008150   0x08008150   0x00000012   Code   RO         8314    i.USBD_LL_StallEP   usbd_conf.o
    0x08008162   0x08008162   0x00000012   Code   RO         8315    i.USBD_LL_Start     usbd_conf.o
    0x08008174   0x08008174   0x00000012   Code   RO         8514    i.USBD_LL_Suspend   usbd_core.o
    0x08008186   0x08008186   0x00000012   Code   RO         8317    i.USBD_LL_Transmit  usbd_conf.o
    0x08008198   0x08008198   0x0000002c   Code   RO         8659    i.USBD_ParseSetupRequest  usbd_ctlreq.o
    0x080081c4   0x080081c4   0x0000003a   Code   RO         8515    i.USBD_RegisterClass  usbd_core.o
    0x080081fe   0x080081fe   0x00000014   Code   RO         8517    i.USBD_SetClassConfig  usbd_core.o
    0x08008212   0x08008212   0x00000002   PAD
    0x08008214   0x08008214   0x000000b8   Code   RO         8660    i.USBD_SetConfig    usbd_ctlreq.o
    0x080082cc   0x080082cc   0x00000004   Code   RO         8518    i.USBD_Start        usbd_core.o
    0x080082d0   0x080082d0   0x0000012c   Code   RO         8661    i.USBD_StdDevReq    usbd_ctlreq.o
    0x080083fc   0x080083fc   0x00000160   Code   RO         8662    i.USBD_StdEPReq     usbd_ctlreq.o
    0x0800855c   0x0800855c   0x00000072   Code   RO         8663    i.USBD_StdItfReq    usbd_ctlreq.o
    0x080085ce   0x080085ce   0x00000002   Code   RO         8318    i.USBD_static_free  usbd_conf.o
    0x080085d0   0x080085d0   0x00000008   Code   RO         8319    i.USBD_static_malloc  usbd_conf.o
    0x080085d8   0x080085d8   0x00000080   Code   RO         1279    i.USB_ActivateEndpoint  stm32f4xx_ll_usb.o
    0x08008658   0x08008658   0x0000001c   Code   RO         1281    i.USB_ActivateSetup  stm32f4xx_ll_usb.o
    0x08008674   0x08008674   0x00000074   Code   RO         1283    i.USB_CoreInit      stm32f4xx_ll_usb.o
    0x080086e8   0x080086e8   0x00000040   Code   RO         1284    i.USB_CoreReset     stm32f4xx_ll_usb.o
    0x08008728   0x08008728   0x000000cc   Code   RO         1287    i.USB_DeactivateEndpoint  stm32f4xx_ll_usb.o
    0x080087f4   0x080087f4   0x0000001c   Code   RO         1288    i.USB_DevConnect    stm32f4xx_ll_usb.o
    0x08008810   0x08008810   0x0000001c   Code   RO         1289    i.USB_DevDisconnect  stm32f4xx_ll_usb.o
    0x0800882c   0x0800882c   0x00000174   Code   RO         1290    i.USB_DevInit       stm32f4xx_ll_usb.o
    0x080089a0   0x080089a0   0x0000000c   Code   RO         1291    i.USB_DisableGlobalInt  stm32f4xx_ll_usb.o
    0x080089ac   0x080089ac   0x0000011c   Code   RO         1294    i.USB_EP0StartXfer  stm32f4xx_ll_usb.o
    0x08008ac8   0x08008ac8   0x00000058   Code   RO         1295    i.USB_EP0_OutStart  stm32f4xx_ll_usb.o
    0x08008b20   0x08008b20   0x00000058   Code   RO         1296    i.USB_EPClearStall  stm32f4xx_ll_usb.o
    0x08008b78   0x08008b78   0x00000058   Code   RO         1297    i.USB_EPSetStall    stm32f4xx_ll_usb.o
    0x08008bd0   0x08008bd0   0x000001e4   Code   RO         1298    i.USB_EPStartXfer   stm32f4xx_ll_usb.o
    0x08008db4   0x08008db4   0x0000009e   Code   RO         1299    i.USB_EPStopXfer    stm32f4xx_ll_usb.o
    0x08008e52   0x08008e52   0x0000000c   Code   RO         1300    i.USB_EnableGlobalInt  stm32f4xx_ll_usb.o
    0x08008e5e   0x08008e5e   0x00000002   PAD
    0x08008e60   0x08008e60   0x0000003c   Code   RO         1301    i.USB_FlushRxFifo   stm32f4xx_ll_usb.o
    0x08008e9c   0x08008e9c   0x00000040   Code   RO         1302    i.USB_FlushTxFifo   stm32f4xx_ll_usb.o
    0x08008edc   0x08008edc   0x0000001a   Code   RO         1304    i.USB_GetDevSpeed   stm32f4xx_ll_usb.o
    0x08008ef6   0x08008ef6   0x00000008   Code   RO         1306    i.USB_GetMode       stm32f4xx_ll_usb.o
    0x08008efe   0x08008efe   0x0000000e   Code   RO         1313    i.USB_ReadDevAllInEpInterrupt  stm32f4xx_ll_usb.o
    0x08008f0c   0x08008f0c   0x0000000e   Code   RO         1314    i.USB_ReadDevAllOutEpInterrupt  stm32f4xx_ll_usb.o
    0x08008f1a   0x08008f1a   0x00000024   Code   RO         1315    i.USB_ReadDevInEPInterrupt  stm32f4xx_ll_usb.o
    0x08008f3e   0x08008f3e   0x00000010   Code   RO         1316    i.USB_ReadDevOutEPInterrupt  stm32f4xx_ll_usb.o
    0x08008f4e   0x08008f4e   0x00000008   Code   RO         1317    i.USB_ReadInterrupts  stm32f4xx_ll_usb.o
    0x08008f56   0x08008f56   0x0000003e   Code   RO         1318    i.USB_ReadPacket    stm32f4xx_ll_usb.o
    0x08008f94   0x08008f94   0x0000005c   Code   RO         1320    i.USB_SetCurrentMode  stm32f4xx_ll_usb.o
    0x08008ff0   0x08008ff0   0x00000022   Code   RO         1321    i.USB_SetDevAddress  stm32f4xx_ll_usb.o
    0x08009012   0x08009012   0x00000002   PAD
    0x08009014   0x08009014   0x000000e8   Code   RO         1323    i.USB_SetTurnaroundTime  stm32f4xx_ll_usb.o
    0x080090fc   0x080090fc   0x00000028   Code   RO         1326    i.USB_WritePacket   stm32f4xx_ll_usb.o
    0x08009124   0x08009124   0x00000002   Code   RO          812    i.UsageFault_Handler  stm32f4xx_it.o
    0x08009126   0x08009126   0x00000020   Code   RO         7005    i.VAL_LIMIT         user_defined_math.o
    0x08009146   0x08009146   0x00000002   PAD
    0x08009148   0x08009148   0x0000003c   Code   RO         8073    i.Verify_CRC16_Check_Sum  crc_verification.o
    0x08009184   0x08009184   0x00000026   Code   RO         8074    i.Verify_CRC8_Check_Sum  crc_verification.o
    0x080091aa   0x080091aa   0x00000002   PAD
    0x080091ac   0x080091ac   0x00000034   Code   RO         9096    i.__0snprintf$3     mc_w.l(printf3.o)
    0x080091e0   0x080091e0   0x00000030   Code   RO         9377    i.__ARM_fpclassify  m_wm.l(fpclassify.o)
    0x08009210   0x08009210   0x00000026   Code   RO         9292    i.__ARM_fpclassifyf  m_wm.l(fpclassifyf.o)
    0x08009236   0x08009236   0x00000020   Code   RO         2410    i.__NVIC_SetPriority  stm32f4xx_hal_cortex.o
    0x08009256   0x08009256   0x00000002   PAD
    0x08009258   0x08009258   0x0000012c   Code   RO         8891    i.__hardfp_asinf    m_wm.l(asinf.o)
    0x08009384   0x08009384   0x000002ac   Code   RO         8903    i.__hardfp_atan2f   m_wm.l(atan2f.o)
    0x08009630   0x08009630   0x000000c8   Code   RO         8915    i.__hardfp_cos      m_wm.l(cos.o)
    0x080096f8   0x080096f8   0x00000150   Code   RO         8927    i.__hardfp_cosf     m_wm.l(cosf.o)
    0x08009848   0x08009848   0x00000664   Code   RO         8939    i.__hardfp_powf     m_wm.l(powf.o)
    0x08009eac   0x08009eac   0x00000004   PAD
    0x08009eb0   0x08009eb0   0x000000c8   Code   RO         8953    i.__hardfp_sin      m_wm.l(sin.o)
    0x08009f78   0x08009f78   0x00000190   Code   RO         8965    i.__hardfp_sinf     m_wm.l(sinf.o)
    0x0800a108   0x0800a108   0x00000438   Code   RO         9308    i.__ieee754_rem_pio2  m_wm.l(rred.o)
    0x0800a540   0x0800a540   0x00000170   Code   RO         9275    i.__kernel_cos      m_wm.l(cos_i.o)
    0x0800a6b0   0x0800a6b0   0x000000f8   Code   RO         9379    i.__kernel_poly     m_wm.l(poly.o)
    0x0800a7a8   0x0800a7a8   0x00000130   Code   RO         9316    i.__kernel_sin      m_wm.l(sin_i.o)
    0x0800a8d8   0x0800a8d8   0x00000014   Code   RO         9279    i.__mathlib_dbl_infnan  m_wm.l(dunder.o)
    0x0800a8ec   0x0800a8ec   0x00000004   PAD
    0x0800a8f0   0x0800a8f0   0x00000020   Code   RO         9281    i.__mathlib_dbl_invalid  m_wm.l(dunder.o)
    0x0800a910   0x0800a910   0x00000020   Code   RO         9284    i.__mathlib_dbl_underflow  m_wm.l(dunder.o)
    0x0800a930   0x0800a930   0x00000014   Code   RO         9294    i.__mathlib_flt_divzero  m_wm.l(funder.o)
    0x0800a944   0x0800a944   0x00000006   Code   RO         9295    i.__mathlib_flt_infnan  m_wm.l(funder.o)
    0x0800a94a   0x0800a94a   0x00000006   Code   RO         9296    i.__mathlib_flt_infnan2  m_wm.l(funder.o)
    0x0800a950   0x0800a950   0x00000010   Code   RO         9297    i.__mathlib_flt_invalid  m_wm.l(funder.o)
    0x0800a960   0x0800a960   0x00000010   Code   RO         9298    i.__mathlib_flt_overflow  m_wm.l(funder.o)
    0x0800a970   0x0800a970   0x00000010   Code   RO         9300    i.__mathlib_flt_underflow  m_wm.l(funder.o)
    0x0800a980   0x0800a980   0x00000154   Code   RO         9313    i.__mathlib_rredf2  m_wm.l(rredf.o)
    0x0800aad4   0x0800aad4   0x0000000e   Code   RO         9393    i.__scatterload_copy  mc_w.l(handlers.o)
    0x0800aae2   0x0800aae2   0x00000002   Code   RO         9394    i.__scatterload_null  mc_w.l(handlers.o)
    0x0800aae4   0x0800aae4   0x0000000e   Code   RO         9395    i.__scatterload_zeroinit  mc_w.l(handlers.o)
    0x0800aaf2   0x0800aaf2   0x00000002   PAD
    0x0800aaf4   0x0800aaf4   0x0000000c   Code   RO         9351    i.__set_errno       mc_w.l(errno.o)
    0x0800ab00   0x0800ab00   0x000001b8   Code   RO         9102    i._printf_core      mc_w.l(printf3.o)
    0x0800acb8   0x0800acb8   0x00000016   Code   RO         9103    i._snputc           mc_w.l(printf3.o)
    0x0800acce   0x0800acce   0x00000018   Code   RO         9373    i.fabs              m_wm.l(fabs.o)
    0x0800ace6   0x0800ace6   0x00000046   Code   RO           16    i.main              main.o
    0x0800ad2c   0x0800ad2c   0x0000000c   Code   RO         6160    i.makeFreeRtosPriority  cmsis_os.o
    0x0800ad38   0x0800ad38   0x0000000e   Code   RO         6162    i.osDelay           cmsis_os.o
    0x0800ad46   0x0800ad46   0x0000000a   Code   RO         6165    i.osKernelStart     cmsis_os.o
    0x0800ad50   0x0800ad50   0x00000026   Code   RO         6174    i.osMessageCreate   cmsis_os.o
    0x0800ad76   0x0800ad76   0x00000054   Code   RO         6199    i.osThreadCreate    cmsis_os.o
    0x0800adca   0x0800adca   0x00000002   PAD
    0x0800adcc   0x0800adcc   0x00000070   Code   RO         5760    i.prvAddCurrentTaskToDelayedList  tasks.o
    0x0800ae3c   0x0800ae3c   0x000000d0   Code   RO         5761    i.prvAddNewTaskToReadyList  tasks.o
    0x0800af0c   0x0800af0c   0x00000026   Code   RO         5375    i.prvCopyDataFromQueue  queue.o
    0x0800af32   0x0800af32   0x0000006c   Code   RO         5376    i.prvCopyDataToQueue  queue.o
    0x0800af9e   0x0800af9e   0x00000034   Code   RO         5762    i.prvDeleteTCB      tasks.o
    0x0800afd2   0x0800afd2   0x00000002   PAD
    0x0800afd4   0x0800afd4   0x0000004c   Code   RO         6530    i.prvHeapInit       heap_4.o
    0x0800b020   0x0800b020   0x00000060   Code   RO         5763    i.prvIdleTask       tasks.o
    0x0800b080   0x0800b080   0x00000022   Code   RO         5378    i.prvInitialiseNewQueue  queue.o
    0x0800b0a2   0x0800b0a2   0x00000002   PAD
    0x0800b0a4   0x0800b0a4   0x000000b2   Code   RO         5764    i.prvInitialiseNewTask  tasks.o
    0x0800b156   0x0800b156   0x00000002   PAD
    0x0800b158   0x0800b158   0x0000004c   Code   RO         6531    i.prvInsertBlockIntoFreeList  heap_4.o
    0x0800b1a4   0x0800b1a4   0x0000001c   Code   RO         5379    i.prvIsQueueEmpty   queue.o
    0x0800b1c0   0x0800b1c0   0x00000020   Code   RO         5766    i.prvResetNextTaskUnblockTime  tasks.o
    0x0800b1e0   0x0800b1e0   0x00000028   Code   RO         6611    i.prvTaskExitError  port.o
    0x0800b208   0x0800b208   0x0000006a   Code   RO         5380    i.prvUnlockQueue    queue.o
    0x0800b272   0x0800b272   0x00000002   PAD
    0x0800b274   0x0800b274   0x000000dc   Code   RO         6532    i.pvPortMalloc      heap_4.o
    0x0800b350   0x0800b350   0x0000002c   Code   RO         6612    i.pxPortInitialiseStack  port.o
    0x0800b37c   0x0800b37c   0x0000003e   Code   RO         8979    i.sqrtf             m_wm.l(sqrtf.o)
    0x0800b3ba   0x0800b3ba   0x00000026   Code   RO         5323    i.uxListRemove      list.o
    0x0800b3e0   0x0800b3e0   0x00000014   Code   RO          292    i.vApplicationGetIdleTaskMemory  freertos.o
    0x0800b3f4   0x0800b3f4   0x00000016   Code   RO         5324    i.vListInitialise   list.o
    0x0800b40a   0x0800b40a   0x00000006   Code   RO         5325    i.vListInitialiseItem  list.o
    0x0800b410   0x0800b410   0x00000030   Code   RO         5326    i.vListInsert       list.o
    0x0800b440   0x0800b440   0x00000018   Code   RO         5327    i.vListInsertEnd    list.o
    0x0800b458   0x0800b458   0x00000040   Code   RO         6614    i.vPortEnterCritical  port.o
    0x0800b498   0x0800b498   0x00000028   Code   RO         6615    i.vPortExitCritical  port.o
    0x0800b4c0   0x0800b4c0   0x00000064   Code   RO         6533    i.vPortFree         heap_4.o
    0x0800b524   0x0800b524   0x00000024   Code   RO         6616    i.vPortSetupTimerInterrupt  port.o
    0x0800b548   0x0800b548   0x00000054   Code   RO         6617    i.vPortValidateInterruptPriority  port.o
    0x0800b59c   0x0800b59c   0x0000004c   Code   RO         5778    i.vTaskDelay        tasks.o
    0x0800b5e8   0x0800b5e8   0x0000008c   Code   RO         5779    i.vTaskDelayUntil   tasks.o
    0x0800b674   0x0800b674   0x000000ac   Code   RO         5780    i.vTaskDelete       tasks.o
    0x0800b720   0x0800b720   0x00000010   Code   RO         5784    i.vTaskInternalSetTimeOutState  tasks.o
    0x0800b730   0x0800b730   0x0000000c   Code   RO         5786    i.vTaskMissedYield  tasks.o
    0x0800b73c   0x0800b73c   0x00000030   Code   RO         5788    i.vTaskPlaceOnEventList  tasks.o
    0x0800b76c   0x0800b76c   0x00000070   Code   RO         5796    i.vTaskStartScheduler  tasks.o
    0x0800b7dc   0x0800b7dc   0x00000010   Code   RO         5798    i.vTaskSuspendAll   tasks.o
    0x0800b7ec   0x0800b7ec   0x0000007c   Code   RO         5799    i.vTaskSwitchContext  tasks.o
    0x0800b868   0x0800b868   0x000000f4   Code   RO         6618    i.xPortStartScheduler  port.o
    0x0800b95c   0x0800b95c   0x00000042   Code   RO         5392    i.xQueueGenericCreate  queue.o
    0x0800b99e   0x0800b99e   0x00000066   Code   RO         5393    i.xQueueGenericCreateStatic  queue.o
    0x0800ba04   0x0800ba04   0x00000088   Code   RO         5394    i.xQueueGenericReset  queue.o
    0x0800ba8c   0x0800ba8c   0x00000160   Code   RO         5395    i.xQueueGenericSend  queue.o
    0x0800bbec   0x0800bbec   0x000000be   Code   RO         5396    i.xQueueGenericSendFromISR  queue.o
    0x0800bcaa   0x0800bcaa   0x00000002   PAD
    0x0800bcac   0x0800bcac   0x00000138   Code   RO         5402    i.xQueueReceive     queue.o
    0x0800bde4   0x0800bde4   0x00000074   Code   RO         5801    i.xTaskCheckForTimeOut  tasks.o
    0x0800be58   0x0800be58   0x0000005a   Code   RO         5802    i.xTaskCreate       tasks.o
    0x0800beb2   0x0800beb2   0x00000056   Code   RO         5803    i.xTaskCreateStatic  tasks.o
    0x0800bf08   0x0800bf08   0x0000001c   Code   RO         5807    i.xTaskGetSchedulerState  tasks.o
    0x0800bf24   0x0800bf24   0x0000000c   Code   RO         5808    i.xTaskGetTickCount  tasks.o
    0x0800bf30   0x0800bf30   0x000000cc   Code   RO         5810    i.xTaskIncrementTick  tasks.o
    0x0800bffc   0x0800bffc   0x00000098   Code   RO         5813    i.xTaskPriorityDisinherit  tasks.o
    0x0800c094   0x0800c094   0x00000074   Code   RO         5815    i.xTaskRemoveFromEventList  tasks.o
    0x0800c108   0x0800c108   0x000000c4   Code   RO         5816    i.xTaskResumeAll    tasks.o
    0x0800c1cc   0x0800c1cc   0x000000f4   Data   RO          294    .constdata          freertos.o
    0x0800c2c0   0x0800c2c0   0x00000008   Data   RO         2109    .constdata          stm32f4xx_hal_dma.o
    0x0800c2c8   0x0800c2c8   0x00000010   Data   RO         5147    .constdata          system_stm32f4xx.o
    0x0800c2d8   0x0800c2d8   0x00000008   Data   RO         5148    .constdata          system_stm32f4xx.o
    0x0800c2e0   0x0800c2e0   0x00000014   Data   RO         7208    .constdata          board_a_imu.o
    0x0800c2f4   0x0800c2f4   0x00000020   Data   RO         7904    .constdata          fusionahrs.o
    0x0800c314   0x0800c314   0x00000300   Data   RO         8076    .constdata          crc_verification.o
    0x0800c614   0x0800c614   0x00000140   Data   RO         8942    .constdata          m_wm.l(powf.o)
    0x0800c754   0x0800c754   0x00000004   PAD
    0x0800c758   0x0800c758   0x00000030   Data   RO         9276    .constdata          m_wm.l(cos_i.o)
    0x0800c788   0x0800c788   0x000000c8   Data   RO         9310    .constdata          m_wm.l(rred.o)
    0x0800c850   0x0800c850   0x00000020   Data   RO         9314    .constdata          m_wm.l(rredf.o)
    0x0800c870   0x0800c870   0x00000028   Data   RO         9317    .constdata          m_wm.l(sin_i.o)
    0x0800c898   0x0800c898   0x00000062   Data   RO          295    .conststring        freertos.o
    0x0800c8fa   0x0800c8fa   0x00000002   PAD
    0x0800c8fc   0x0800c8fc   0x00000020   Data   RO         9391    Region$$Table       anon$$obj.o


    Execution Region RW_IRAM2 (Exec base: 0x10000000, Load base: 0x0800cb38, Size: 0x00000000, Max: 0x00010000, ABSOLUTE)

    **** No section assigned to this execution region ****


    Execution Region RW_IRAM1 (Exec base: 0x20000000, Load base: 0x0800c91c, Size: 0x00006fa8, Max: 0x00030000, ABSOLUTE, COMPRESSED[0x0000021c])

    Exec Addr    Load Addr    Size         Type   Attr      Idx    E Section Name        Object

    0x20000000   COMPRESSED   0x00000028   Data   RW          297    .data               freertos.o
    0x20000028   COMPRESSED   0x00000004   Data   RW          518    .data               can.o
    0x2000002c   COMPRESSED   0x00000004   PAD
    0x20000030   COMPRESSED   0x00000008   Data   RW          678    .data               tim.o
    0x20000038   COMPRESSED   0x0000000c   Data   RW         2556    .data               stm32f4xx_hal.o
    0x20000044   COMPRESSED   0x00000004   Data   RW         5149    .data               system_stm32f4xx.o
    0x20000048   COMPRESSED   0x00000044   Data   RW         5819    .data               tasks.o
    0x2000008c   COMPRESSED   0x00000020   Data   RW         6539    .data               heap_4.o
    0x200000ac   COMPRESSED   0x0000000c   Data   RW         6619    .data               port.o
    0x200000b8   COMPRESSED   0x0000000c   Data   RW         6701    .data               robot_control.o
    0x200000c4   COMPRESSED   0x00000004   Data   RW         6743    .data               state_machine.o
    0x200000c8   COMPRESSED   0x00000001   Data   RW         6744    .data               state_machine.o
    0x200000c9   COMPRESSED   0x00000003   PAD
    0x200000cc   COMPRESSED   0x0000000c   Data   RW         6782    .data               chassis_control.o
    0x200000d8   COMPRESSED   0x0000000c   Data   RW         6825    .data               gimbal_control.o
    0x200000e4   COMPRESSED   0x00000010   Data   RW         6871    .data               shooting_control.o
    0x200000f4   COMPRESSED   0x00000008   Data   RW         6872    .data               shooting_control.o
    0x200000fc   COMPRESSED   0x00000008   Data   RW         6928    .data               imu_temp_control.o
    0x20000104   COMPRESSED   0x00000038   Data   RW         7037    .data               pid.o
    0x2000013c   COMPRESSED   0x00000038   Data   RW         7038    .data               pid.o
    0x20000174   COMPRESSED   0x00000038   Data   RW         7039    .data               pid.o
    0x200001ac   COMPRESSED   0x00000038   Data   RW         7040    .data               pid.o
    0x200001e4   COMPRESSED   0x00000038   Data   RW         7041    .data               pid.o
    0x2000021c   COMPRESSED   0x00000038   Data   RW         7042    .data               pid.o
    0x20000254   COMPRESSED   0x00000038   Data   RW         7043    .data               pid.o
    0x2000028c   COMPRESSED   0x00000038   Data   RW         7044    .data               pid.o
    0x200002c4   COMPRESSED   0x00000038   Data   RW         7045    .data               pid.o
    0x200002fc   COMPRESSED   0x0000000c   Data   RW         7046    .data               pid.o
    0x20000308   COMPRESSED   0x0000000c   Data   RW         7088    .data               ramp_calc.o
    0x20000314   COMPRESSED   0x0000001c   Data   RW         7136    .data               dr16_remote.o
    0x20000330   COMPRESSED   0x00000014   Data   RW         7209    .data               board_a_imu.o
    0x20000344   COMPRESSED   0x00000010   Data   RW         7210    .data               board_a_imu.o
    0x20000354   COMPRESSED   0x00000018   Data   RW         7313    .data               m3508_motor.o
    0x2000036c   COMPRESSED   0x00000018   Data   RW         7374    .data               gm6020_motor.o
    0x20000384   COMPRESSED   0x0000000c   Data   RW         7432    .data               m2006_motor.o
    0x20000390   COMPRESSED   0x0000000c   Data   RW         7475    .data               super_capacitor.o
    0x2000039c   COMPRESSED   0x0000000c   Data   RW         7577    .data               referee_system.o
    0x200003a8   COMPRESSED   0x00000010   Data   RW         7628    .data               buzzer.o
    0x200003b8   COMPRESSED   0x0000000c   Data   RW         7694    .data               jetson_tx2.o
    0x200003c4   COMPRESSED   0x0000001c   Data   RW         7752    .data               can_setup.o
    0x200003e0   COMPRESSED   0x00000008   Data   RW         7753    .data               can_setup.o
    0x200003e8   COMPRESSED   0x00000006   Data   RW         7754    .data               can_setup.o
    0x200003ee   COMPRESSED   0x00000006   Data   RW         7755    .data               can_setup.o
    0x200003f4   COMPRESSED   0x00000018   Data   RW         8077    .data               crc_verification.o
    0x2000040c   COMPRESSED   0x00000002   Data   RW         8078    .data               crc_verification.o
    0x2000040e   COMPRESSED   0x00000002   PAD
    0x20000410   COMPRESSED   0x0000001c   Data   RW         8162    .data               usbd_desc.o
    0x2000042c   COMPRESSED   0x00000032   Data   RW         8163    .data               usbd_desc.o
    0x2000045e   COMPRESSED   0x00000002   PAD
    0x20000460   COMPRESSED   0x00000014   Data   RW         8239    .data               usbd_cdc_if.o
    0x20000474   COMPRESSED   0x00000001   Data   RW         8664    .data               usbd_ctlreq.o
    0x20000475   COMPRESSED   0x00000003   PAD
    0x20000478   COMPRESSED   0x00000053   Data   RW         8803    .data               usbd_cdc.o
    0x200004cb   COMPRESSED   0x00000001   PAD
    0x200004cc   COMPRESSED   0x00000038   Data   RW         8804    .data               usbd_cdc.o
    0x20000504   COMPRESSED   0x00000004   Data   RW         9352    .data               mc_w.l(errno.o)
    0x20000508        -       0x00000260   Zero   RW          293    .bss                freertos.o
    0x20000768        -       0x00000050   Zero   RW          517    .bss                can.o
    0x200007b8        -       0x00000054   Zero   RW          589    .bss                i2c.o
    0x2000080c        -       0x00000058   Zero   RW          631    .bss                spi.o
    0x20000864        -       0x000000d8   Zero   RW          677    .bss                tim.o
    0x2000093c        -       0x00000290   Zero   RW          743    .bss                usart.o
    0x20000bcc        -       0x00000048   Zero   RW          962    .bss                stm32f4xx_hal_timebase_tim.o
    0x20000c14        -       0x000000f0   Zero   RW         5818    .bss                tasks.o
    0x20000d04        -       0x00003c00   Zero   RW         6538    .bss                heap_4.o
    0x20004904        -       0x00000030   Zero   RW         6781    .bss                chassis_control.o
    0x20004934        -       0x0000001c   Zero   RW         6824    .bss                gimbal_control.o
    0x20004950        -       0x00000010   Zero   RW         6870    .bss                shooting_control.o
    0x20004960        -       0x00000060   Zero   RW         7135    .bss                dr16_remote.o
    0x200049c0        -       0x00000098   Zero   RW         7206    .bss                board_a_imu.o
    0x20004a58        -       0x00000064   Zero   RW         7207    .bss                board_a_imu.o
    0x20004abc        -       0x000000c0   Zero   RW         7312    .bss                m3508_motor.o
    0x20004b7c        -       0x00000040   Zero   RW         7373    .bss                gm6020_motor.o
    0x20004bbc        -       0x00000020   Zero   RW         7431    .bss                m2006_motor.o
    0x20004bdc        -       0x00000018   Zero   RW         7474    .bss                super_capacitor.o
    0x20004bf4        -       0x000000ee   Zero   RW         7519    .bss                mpu6050_imu.o
    0x20004ce2        -       0x0000020f   Zero   RW         7576    .bss                referee_system.o
    0x20004ef1   COMPRESSED   0x00000003   PAD
    0x20004ef4        -       0x00000010   Zero   RW         7693    .bss                jetson_tx2.o
    0x20004f04        -       0x00000098   Zero   RW         7751    .bss                can_setup.o
    0x20004f9c        -       0x000002dc   Zero   RW         8123    .bss                usb_device.o
    0x20005278        -       0x00000200   Zero   RW         8161    .bss                usbd_desc.o
    0x20005478        -       0x00001000   Zero   RW         8238    .bss                usbd_cdc_if.o
    0x20006478        -       0x0000072c   Zero   RW         8320    .bss                usbd_conf.o
    0x20006ba4   COMPRESSED   0x00000004   PAD
    0x20006ba8        -       0x00000400   Zero   RW            1    STACK               startup_stm32f427xx.o


==============================================================================

Image component sizes


      Code (inc. data)   RO Data    RW Data    ZI Data      Debug   Object Name

      1792         96         20         36        252      16448   board_a_imu.o
       592         52          0         16          0       5503   buzzer.o
       396         44          0          4         80       2674   can.o
       524         40          0         48        152       8514   can_setup.o
      1036         82          0         12         48       4122   chassis_control.o
       158          0          0          0          0      24375   cmsis_os.o
       238         20        768         26          0       6359   crc_verification.o
       108          4          0          0          0        910   dma.o
       790         24          0         28         96       7937   dr16_remote.o
         0          0          0          0          0      20156   event_groups.o
       854        144        342         40        608      17332   freertos.o
      1674         38         32          0          0      17374   fusionahrs.o
       198         16          0          0          0       5728   fusioncompass.o
       900         92          0         12         28       3665   gimbal_control.o
       360         48          0         24         64       5032   gm6020_motor.o
       172          8          0          0          0       1135   gpio.o
       472         24          0         32      15360       7679   heap_4.o
       196         28          0          0         84       1857   i2c.o
        60         18          0          8          0       2295   imu_temp_control.o
       124         36          0         12         16       4353   jetson_tx2.o
       138          0          0          0          0       3774   list.o
       136         18          0         12         32       3012   m2006_motor.o
       272         36          0         24        192       6023   m3508_motor.o
       282         22          0          0          0     815648   main.o
         0          0          0          0        238       2692   mpu6050_imu.o
       312          6          0        516          0       4542   pid.o
       786         82          0         12          0      12305   port.o
      1472         14          0          0          0      17166   queue.o
       114          6          0         12          0       2850   ramp_calc.o
       668         26          0         12        527       8042   referee_system.o
       276         90          0         12          0       3048   robot_control.o
       768        138          0         24         16       5685   shooting_control.o
       180         24          0          0         88       1841   spi.o
        36          8        428          0       1024        872   startup_stm32f427xx.o
       272         48          0          5          0       2517   state_machine.o
       116         18          0         12          0       9130   stm32f4xx_hal.o
      1090          6          0          0          0       5520   stm32f4xx_hal_can.o
       158         14          0          0          0      33346   stm32f4xx_hal_cortex.o
       972         16          8          0          0       6975   stm32f4xx_hal_dma.o
       574         54          0          0          0       2324   stm32f4xx_hal_gpio.o
       392         16          0          0          0       3191   stm32f4xx_hal_i2c.o
       128          0          0          0          0       1971   stm32f4xx_hal_i2c_ex.o
        56          4          0          0          0        942   stm32f4xx_hal_msp.o
      2638         12          0          0          0      14268   stm32f4xx_hal_pcd.o
        78          0          0          0          0       2553   stm32f4xx_hal_pcd_ex.o
      1424         92          0          0          0       6685   stm32f4xx_hal_rcc.o
       942         12          0          0          0       5101   stm32f4xx_hal_spi.o
      2020        136          0          0          0      17786   stm32f4xx_hal_tim.o
       148         28          0          0          0       2609   stm32f4xx_hal_tim_ex.o
       152         20          0          0         72       1595   stm32f4xx_hal_timebase_tim.o
      1116         38          0          0          0      11886   stm32f4xx_hal_uart.o
       232         68          0          0          0      10903   stm32f4xx_it.o
      2888        134          0          0          0      25167   stm32f4xx_ll_usb.o
         0          0          0          0          0        392   stream_buffer.o
       136         20          0         12         24       3078   super_capacitor.o
        16          4         24          4          0       1243   system_stm32f4xx.o
      2394        180          0         68        240      29122   tasks.o
       588         74          0          8        216       4665   tim.o
       876         86          0          0        656       4467   usart.o
        84         18          0          0        732        884   usb_device.o
      1278         36          0        139          0      15081   usbd_cdc.o
       116         22          0         20       4096       4220   usbd_cdc_if.o
       644         24          0          0       1836      17872   usbd_conf.o
       916          0          0          0          0      16287   usbd_core.o
      1328         28          0          1          0      15312   usbd_ctlreq.o
       276         92          0         78        512       6553   usbd_desc.o
       132          0          0          0          0       4792   usbd_ioreq.o
        84          8          0          0          0       1508   user_defined_math.o

    ----------------------------------------------------------------------
     40426       2592       1656       1284      27296    1340893   Object Totals
         0          0         32          0          0          0   (incl. Generated)
        78          0          2         15          7          0   (incl. Padding)

    ----------------------------------------------------------------------

      Code (inc. data)   RO Data    RW Data    ZI Data      Debug   Library Member Name

       300         42          0          0          0        176   asinf.o
       684         90          0          0          0        208   atan2f.o
       200         20          0          0          0        164   cos.o
       368         46         48          0          0        200   cos_i.o
       336         56          0          0          0        136   cosf.o
        84         16          0          0          0        372   dunder.o
        24          0          0          0          0        124   fabs.o
        48          0          0          0          0        124   fpclassify.o
        38          0          0          0          0        116   fpclassifyf.o
        80         24          0          0          0        696   funder.o
       248          0          0          0          0        152   poly.o
      1636        110        320          0          0        372   powf.o
      1080        142        200          0          0        188   rred.o
       340         24         32          0          0        160   rredf.o
       200         20          0          0          0        164   sin.o
       304         24         40          0          0        208   sin_i.o
       400         56          0          0          0        212   sinf.o
        62          0          0          0          0        136   sqrtf.o
        86          0          0          0          0          0   __dczerorl2.o
         0          0          0          0          0          0   entry.o
         0          0          0          0          0          0   entry10a.o
         0          0          0          0          0          0   entry11a.o
         4          0          0          0          0          0   entry12b.o
         8          4          0          0          0          0   entry2.o
         4          0          0          0          0          0   entry5.o
         0          0          0          0          0          0   entry7b.o
         0          0          0          0          0          0   entry8b.o
         8          4          0          0          0          0   entry9a.o
        12          6          0          4          0         68   errno.o
        30          0          0          0          0          0   handlers.o
        36          8          0          0          0         68   init.o
         0          0          0          0          0          0   iusefp.o
        30          0          0          0          0         68   llshl.o
        36          0          0          0          0         68   llsshr.o
        32          0          0          0          0         68   llushr.o
        36          0          0          0          0         68   memcpya.o
        36          0          0          0          0        108   memseta.o
       514          8          0          0          0        256   printf3.o
        44          0          0          0          0         80   uidiv.o
        98          0          0          0          0         92   uldiv.o
        56          0          0          0          0         88   d2f.o
       334          0          0          0          0        148   dadd.o
       222          0          0          0          0        100   ddiv.o
       186          0          0          0          0        176   depilogue.o
        62          0          0          0          0         80   dfixi.o
        34          0          0          0          0         76   dflti.o
        26          0          0          0          0         76   dfltui.o
       228          0          0          0          0         96   dmul.o
        38          0          0          0          0         68   f2d.o
       110          0          0          0          0        168   fepilogue.o
         4          0          0          0          0         68   fpstat.o

    ----------------------------------------------------------------------
      8758        704        644          4          0       5996   Library Totals
        12          4          4          0          0          0   (incl. Padding)

    ----------------------------------------------------------------------

      Code (inc. data)   RO Data    RW Data    ZI Data      Debug   Library Name

      6432        670        640          0          0       3908   m_wm.l
      1014         30          0          4          0        944   mc_w.l
      1300          0          0          0          0       1144   mf_w.l

    ----------------------------------------------------------------------
      8758        704        644          4          0       5996   Library Totals

    ----------------------------------------------------------------------

==============================================================================


      Code (inc. data)   RO Data    RW Data    ZI Data      Debug   

     49184       3296       2300       1288      27296    1301433   Grand Totals
     49184       3296       2300        540      27296    1301433   ELF Image Totals (compressed)
     49184       3296       2300        540          0          0   ROM Totals

==============================================================================

    Total RO  Size (Code + RO Data)                51484 (  50.28kB)
    Total RW  Size (RW Data + ZI Data)             28584 (  27.91kB)
    Total ROM Size (Code + RO Data + RW Data)      52024 (  50.80kB)

==============================================================================

